                                                          ┌────────────────────────────────────────┐
                                                          │                  143                   │
                                                          └────────────────────────────────────────┘
                                                            │
                                                            │ Entry main
                                                            ▼
      InlineReturn                                        ┌────────────────────────────────────────┐  Inlined Proc '__VERIFIER_assert(a == b)'
  ┌─────────────────────────────────────────────────────▶ │                  144                   │ ◀─────────────────────────────────────────────────┐
  │                                                       └────────────────────────────────────────┘                                                   │
  │                                                         │                                                                                          │
  │                                                         │ Test (1,true)                                                                            │
  │                                                         ▼                                                                                          │
  │                                                       ┌────────────────────────────────────────┐                                                   │
  │                                                       │                  157                   │ ─┐                                                │
  │                                                       └────────────────────────────────────────┘  │                                                │
  │                                                         │                                         │                                                │
  │                                                         │ InlineEntry '()'                        │                                                │
  │                                                         ▼                                         │                                                │
  │                                                       ┌────────────────────────────────────────┐  │                                                │
  │                                                       │                  165                   │  │                                                │
  │                                                       └────────────────────────────────────────┘  │                                                │
  │                                                         │                                         │                                                │
  │                                                         │ Entry __VERIFIER_nondet_int             │                                                │
  │                                                         ▼                                         │                                                │
  │                                                       ┌────────────────────────────────────────┐  │                                                │
  │                                                       │                  166                   │  │ Inlined Proc 'tmp = __VERIFIER_nondet_int()'   │
  │                                                       └────────────────────────────────────────┘  │                                                │
  │                                                         │                                         │                                                │
  │                                                         │ Ret (Some val, __VERIFIER_nondet_int)   │                                                │
  │                                                         ▼                                         │                                                │
  │                                                       ┌────────────────────────────────────────┐  │                                                │
  │                                                       │                  163                   │  │                                                │
  │                                                       └────────────────────────────────────────┘  │                                                │
  │                                                         │                                         │                                                │
  │                                                         │ InlineReturn 'tmp'                      │                                                │
  │                                                         ▼                                         │                                                │
  │                                                       ┌────────────────────────────────────────┐  │                                                │
  │                                                       │                  159                   │ ◀┘                                                │
  │                                                       └────────────────────────────────────────┘                                                   │
  │                                                         │                                                                                          │
  │                                                         │ Assign 'x = tmp'                                                                         │
  │                                                         ▼                                                                                          │
  │                                                       ┌────────────────────────────────────────┐                                                   │
  │                                                       │                  160                   │                                                   │
  │                                                       └────────────────────────────────────────┘                                                   │
  │                                                         │                                                                                          │
  │                                                         │ Assign 'y = x'                                                                           │
  │                                                         ▼                                                                                          │
  │                                                       ┌────────────────────────────────────────┐                                                   │
  │                                                       │                  147                   │ ─┐                                                │
  │                                                       └────────────────────────────────────────┘  │                                                │
  │                                                         │                                         │                                                │
  │                                                         │ InlineEntry '(x == y)'                  │                                                │
  │                                                         ▼                                         │                                                │
  │                                                       ┌────────────────────────────────────────┐  │                                                │
  │                                                       │                  148                   │  │                                                │
  │                                                       └────────────────────────────────────────┘  │                                                │
  │                                                         │                                         │                                                │
  │                                                         │ Entry __VERIFIER_assert                 │                                                │
  │                                                         ▼                                         │                                                │
  │                                                       ┌────────────────────────────────────────┐  │                                                │
  │                                                       │                  162                   │  │                                                │
  │                                                       └────────────────────────────────────────┘  │                                                │
  │                                                         │                                         │                                                │
  │                                                         │ Test (! cond,false)                     │ Inlined Proc '__VERIFIER_assert(x == y)'       │
  │                                                         ▼                                         │                                                │
  │                                                       ┌────────────────────────────────────────┐  │                                                │
  │                                                       │                  161                   │  │                                                │
  │                                                       └────────────────────────────────────────┘  │                                                │
  │                                                         │                                         │                                                │
  │                                                         │ Ret (None, __VERIFIER_assert)           │                                                │
  │                                                         ▼                                         │                                                │
  │                                                       ┌────────────────────────────────────────┐  │                                                │
  │                                                       │                  158                   │  │                                                │
  │                                                       └────────────────────────────────────────┘  │                                                │
  │                                                         │                                         │                                                │
  │                                                         │ InlineReturn                            │                                                │
  │                                                         ▼                                         │                                                │
  │                                                       ┌────────────────────────────────────────┐  │                                                │
  │    ┌───────────────────────────────────────────────── │                  149                   │ ◀┘                                                │
  │    │                                                  └────────────────────────────────────────┘                                                   │
  │    │                                                    │                                                                                          │
  │    │                                                    │ InlineEntry '()'                        ┌────────────────────────────────────────────────┘
  │    │                                                    ▼                                         │
  │    │                                                  ┌────────────────────────────────────────┐  │
  │    │                                                  │                  164                   │  │
  │    │                                                  └────────────────────────────────────────┘  │
  │    │                                                    │                                         │
  │    │                                                    │ Entry __VERIFIER_nondet_int             │
  │    │                                                    ▼                                         │
  │    │                                                  ┌────────────────────────────────────────┐  │
  │    │ Inlined Proc 'tmp___0 = __VERIFIER_nondet_int()' │                  154                   │  │
  │    │                                                  └────────────────────────────────────────┘  │
  │    │                                                    │                                         │
  │    │                                                    │ Ret (Some val, __VERIFIER_nondet_int)   │
  │    │                                                    ▼                                         │
  │    │                                                  ┌────────────────────────────────────────┐  │
  │    │                                                  │                  155                   │  │
  │    │                                                  └────────────────────────────────────────┘  │
  │    │                                                    │                                         │
  │    │                                                    │ InlineReturn 'tmp___0'                  │
  │    │                                                    ▼                                         │
  │    │                                                  ┌────────────────────────────────────────┐  │
  │    └────────────────────────────────────────────────▶ │                  150                   │  │
  │                                                       └────────────────────────────────────────┘  │
  │                                                         │                                         │
  └────┐                                                    │ Assign 'a = tmp___0'                    │
       │                                                    ▼                                         │
       │                                                  ┌────────────────────────────────────────┐  │
       │                                                  │                  151                   │  │
       │                                                  └────────────────────────────────────────┘  │
       │                                                    │                                         │
       │                                                    │ Assign 'b = a'                          │
       │                                                    ▼                                         │
       │                                                  ┌────────────────────────────────────────┐  │
       │                                                  │                  156                   │ ─┘
       │                                                  └────────────────────────────────────────┘
       │                                                    │
       │                                                    │ InlineEntry '(a == b)'
       │                                                    ▼
       │                                                  ┌────────────────────────────────────────┐
       │                                                  │                  152                   │
       │                                                  └────────────────────────────────────────┘
       │                                                    │
       │                                                    │ Entry __VERIFIER_assert
       │                                                    ▼
       │                                                  ┌────────────────────────────────────────┐
       │                                                  │                  153                   │
       │                                                  └────────────────────────────────────────┘
       │                                                    │
       │                                                    │ Test (! cond,false)
       │                                                    ▼
       │                                                  ┌────────────────────────────────────────┐
       │                                                  │                  145                   │
       │                                                  └────────────────────────────────────────┘
       │                                                    │
       │                                                    │ Ret (None, __VERIFIER_assert)
       │                                                    ▼
       │                                                  ┌────────────────────────────────────────┐
       └───────────────────────────────────────────────── │                  146                   │
                                                          └────────────────────────────────────────┘
