                                             ┌────────────────────────────────────────┐
                                             │                   _                    │
                                             └────────────────────────────────────────┘
                                               │
                                               │ Entry main
                                               ▼
                                             ┌────────────────────────────────────────┐  InlineReturn
  ┌········································▶ │                   _                    │ ◀─────────────────────────────────────────────────┐
  :                                          └────────────────────────────────────────┘                                                   │
  :                                            │                                                                                          │
  :                                            │ Test (1,true)                                                                            │
  :                                            ▼                                                                                          │
  :                                          ┌────────────────────────────────────────┐                                                   │
  :                                          │                   _                    │ ·┐                                                │
  :                                          └────────────────────────────────────────┘  :                                                │
  :                                            │                                         :                                                │
  :                                            │ InlineEntry '()'                        :                                                │
  :                                            ▼                                         :                                                │
  :                                          ┌────────────────────────────────────────┐  :                                                │
  :                                          │                   _                    │  :                                                │
  :                                          └────────────────────────────────────────┘  :                                                │
  :                                            │                                         :                                                │
  :                                            │ Entry __VERIFIER_nondet_int             :                                                │
  :                                            ▼                                         :                                                │
  :                                          ┌────────────────────────────────────────┐  :                                                │
  :                                          │                   _                    │  : Inlined Proc 'tmp = __VERIFIER_nondet_int()'   │
  :                                          └────────────────────────────────────────┘  :                                                │
  :                                            │                                         :                                                │
  : Inlined Proc '__VERIFIER_assert(x == y)'   │ Ret (Some val, __VERIFIER_nondet_int)   :                                                │
  :                                            ▼                                         :                                                │
  :                                          ┌────────────────────────────────────────┐  :                                                │
  :                                          │                   _                    │  :                                                │
  :                                          └────────────────────────────────────────┘  :                                                │
  :                                            │                                         :                                                │
  :                                            │ InlineReturn 'tmp'                      :                                                │
  :                                            ▼                                         :                                                │
  :                                          ┌────────────────────────────────────────┐  :                                                │
  :                                          │                   _                    │ ◀┘                                                │
  :                                          └────────────────────────────────────────┘                                                   │
  :                                            │                                                                                          │
  :                                            │ Assign 'x = tmp'                        ┌────────────────────────────────────────────────┘
  :                                            ▼                                         │
  :                                          ┌────────────────────────────────────────┐  │
  :                                          │                   _                    │  │
  :                                          └────────────────────────────────────────┘  │
  :                                            │                                         │
  :                                            │ Assign 'y = x'                          │
  :                                            ▼                                         │
  :                                          ┌────────────────────────────────────────┐  │
  └········································· │                   _                    │  │
                                             └────────────────────────────────────────┘  │
                                               │                                         │
                                               │ InlineEntry '(x == y)'                  │
                                               ▼                                         │
                                             ┌────────────────────────────────────────┐  │
                                             │                   _                    │  │
                                             └────────────────────────────────────────┘  │
                                               │                                         │
                                               │ Entry __VERIFIER_assert                 │
                                               ▼                                         │
                                             ┌────────────────────────────────────────┐  │
                                             │                   _                    │  │
                                             └────────────────────────────────────────┘  │
                                               │                                         │
                                               │ Test (! cond,false)                     │
                                               ▼                                         │
                                             ┌────────────────────────────────────────┐  │
                                             │                   _                    │  │
                                             └────────────────────────────────────────┘  │
                                               │                                         │
                                               │ Ret (None, __VERIFIER_assert)           │
                                               ▼                                         │
                                             ┌────────────────────────────────────────┐  │
                                             │                   _                    │ ─┘
                                             └────────────────────────────────────────┘
