                                             ┌────────────────────────────────────────┐
                                             │                   80                   │
                                             └────────────────────────────────────────┘
                                               │
                                               │ Entry main
                                               ▼
                                             ┌────────────────────────────────────────┐  InlineReturn
  ┌────────────────────────────────────────▶ │                   81                   │ ◀─────────────────────────────────────────────────┐
  │                                          └────────────────────────────────────────┘                                                   │
  │                                            │                                                                                          │
  │                                            │ Test (1,true)                                                                            │
  │                                            ▼                                                                                          │
  │                                          ┌────────────────────────────────────────┐                                                   │
  │                                          │                   86                   │ ─┐                                                │
  │                                          └────────────────────────────────────────┘  │                                                │
  │                                            │                                         │                                                │
  │                                            │ InlineEntry '()'                        │                                                │
  │                                            ▼                                         │                                                │
  │                                          ┌────────────────────────────────────────┐  │                                                │
  │                                          │                   87                   │  │                                                │
  │                                          └────────────────────────────────────────┘  │                                                │
  │                                            │                                         │                                                │
  │                                            │ Entry __VERIFIER_nondet_int             │                                                │
  │                                            ▼                                         │                                                │
  │                                          ┌────────────────────────────────────────┐  │                                                │
  │                                          │                   90                   │  │ Inlined Proc 'tmp = __VERIFIER_nondet_int()'   │
  │                                          └────────────────────────────────────────┘  │                                                │
  │                                            │                                         │                                                │
  │ Inlined Proc '__VERIFIER_assert(x == y)'   │ Ret (Some val, __VERIFIER_nondet_int)   │                                                │
  │                                            ▼                                         │                                                │
  │                                          ┌────────────────────────────────────────┐  │                                                │
  │                                          │                   82                   │  │                                                │
  │                                          └────────────────────────────────────────┘  │                                                │
  │                                            │                                         │                                                │
  │                                            │ InlineReturn 'tmp'                      │                                                │
  │                                            ▼                                         │                                                │
  │                                          ┌────────────────────────────────────────┐  │                                                │
  │                                          │                   83                   │ ◀┘                                                │
  │                                          └────────────────────────────────────────┘                                                   │
  │                                            │                                                                                          │
  │                                            │ Assign 'x = tmp'                        ┌────────────────────────────────────────────────┘
  │                                            ▼                                         │
  │                                          ┌────────────────────────────────────────┐  │
  │                                          │                   88                   │  │
  │                                          └────────────────────────────────────────┘  │
  │                                            │                                         │
  │                                            │ Assign 'y = x'                          │
  │                                            ▼                                         │
  │                                          ┌────────────────────────────────────────┐  │
  └───────────────────────────────────────── │                   89                   │  │
                                             └────────────────────────────────────────┘  │
                                               │                                         │
                                               │ InlineEntry '(x == y)'                  │
                                               ▼                                         │
                                             ┌────────────────────────────────────────┐  │
                                             │                   92                   │  │
                                             └────────────────────────────────────────┘  │
                                               │                                         │
                                               │ Entry __VERIFIER_assert                 │
                                               ▼                                         │
                                             ┌────────────────────────────────────────┐  │
                                             │                   84                   │  │
                                             └────────────────────────────────────────┘  │
                                               │                                         │
                                               │ Test (! cond,false)                     │
                                               ▼                                         │
                                             ┌────────────────────────────────────────┐  │
                                             │                   85                   │  │
                                             └────────────────────────────────────────┘  │
                                               │                                         │
                                               │ Ret (None, __VERIFIER_assert)           │
                                               ▼                                         │
                                             ┌────────────────────────────────────────┐  │
                                             │                   91                   │ ─┘
                                             └────────────────────────────────────────┘
