┌───────────────────────────────────┐
│                 0                 │
└───────────────────────────────────┘
  │
  │ Entry main
  ▼
┌───────────────────────────────────┐
│                 1                 │
└───────────────────────────────────┘
  │
  │ Assign 'p = (void (*)())(& foo)'
  ▼
┌───────────────────────────────────┐
│                 2                 │
└───────────────────────────────────┘
  │
  │ Proc 'free(p)'
  ▼
┌───────────────────────────────────┐
│                 3                 │
└───────────────────────────────────┘
  │
  │ Ret (Some 0, main)
  ▼
┌───────────────────────────────────┐
│                 4                 │
└───────────────────────────────────┘
