                           ┌────────────────────────────────────────┐
                           │                   76                   │
                           └────────────────────────────────────────┘
                             │
                             │ Entry main
                             ▼
                           ┌────────────────────────────────────────┐
                           │                   77                   │ ─┐
                           └────────────────────────────────────────┘  │
                             │                                         │
                             │ InlineEntry '()'                        │
                             ▼                                         │
                           ┌────────────────────────────────────────┐  │
                           │                   78                   │  │
                           └────────────────────────────────────────┘  │
                             │                                         │
                             │ Entry __VERIFIER_nondet_int             │
                             ▼                                         │
                           ┌────────────────────────────────────────┐  │
                           │                   79                   │  │ Inlined Proc 'tmp = __VERIFIER_nondet_int()'
                           └────────────────────────────────────────┘  │
                             │                                         │
                             │ Ret (Some val, __VERIFIER_nondet_int)   │
                             ▼                                         │
                           ┌────────────────────────────────────────┐  │
                           │                   92                   │  │
                           └────────────────────────────────────────┘  │
                             │                                         │
                             │ InlineReturn 'tmp'                      │
                             ▼                                         │
┌────┐  Test (tmp,false)   ┌────────────────────────────────────────┐  │
│ 82 │ ◀────────────────── │                   80                   │ ◀┘
└────┘                     └────────────────────────────────────────┘
  │                          │
  │                          │ Test (tmp,true)
  │                          ▼
  │                        ┌────────────────────────────────────────┐
  │                        │                   81                   │
  │                        └────────────────────────────────────────┘
  │                          │
  │                          │ Assign 'x = 1'
  │                          ▼
  │    Assign 'x = 2'      ┌────────────────────────────────────────┐
  └──────────────────────▶ │                   83                   │
                           └────────────────────────────────────────┘
                             │
                             │ Test (1 <= x,true)
                             ▼
                           ┌────────────────────────────────────────┐
                           │                   87                   │
                           └────────────────────────────────────────┘
                             │
                             │ Test (x <= 2,true)
                             ▼
                           ┌────────────────────────────────────────┐
                           │                   88                   │
                           └────────────────────────────────────────┘
                             │
                             │ Assign 'tmp___0 = 1'
                             ▼
                           ┌────────────────────────────────────────┐
                           │                   89                   │ ─┐
                           └────────────────────────────────────────┘  │
                             │                                         │
                             │ InlineEntry '(tmp___0)'                 │
                             ▼                                         │
                           ┌────────────────────────────────────────┐  │
                           │                   93                   │  │
                           └────────────────────────────────────────┘  │
                             │                                         │
                             │ Entry __VERIFIER_assert                 │
                             ▼                                         │
                           ┌────────────────────────────────────────┐  │
                           │                   85                   │  │
                           └────────────────────────────────────────┘  │
                             │                                         │
                             │ Test (! cond,false)                     │ Inlined Proc '__VERIFIER_assert(tmp___0)'
                             ▼                                         │
                           ┌────────────────────────────────────────┐  │
                           │                   86                   │  │
                           └────────────────────────────────────────┘  │
                             │                                         │
                             │ Ret (None, __VERIFIER_assert)           │
                             ▼                                         │
                           ┌────────────────────────────────────────┐  │
                           │                   91                   │  │
                           └────────────────────────────────────────┘  │
                             │                                         │
                             │ InlineReturn                            │
                             ▼                                         │
                           ┌────────────────────────────────────────┐  │
                           │                   90                   │ ◀┘
                           └────────────────────────────────────────┘
                             │
                             │ Ret (Some 0, main)
                             ▼
                           ┌────────────────────────────────────────┐
                           │                   84                   │
                           └────────────────────────────────────────┘
