                          ┌────────────────────────────────────────┐
                          │                   0                    │
                          └────────────────────────────────────────┘
                            │
                            │ Entry main
                            ▼
                          ┌────────────────────────────────────────┐
                          │                   1                    │ ─┐
                          └────────────────────────────────────────┘  │
                            │                                         │
                            │ InlineEntry '()'                        │
                            ▼                                         │
                          ┌────────────────────────────────────────┐  │
                          │                   2                    │  │
                          └────────────────────────────────────────┘  │
                            │                                         │
                            │ Entry __VERIFIER_nondet_int             │
                            ▼                                         │
                          ┌────────────────────────────────────────┐  │
                          │                   3                    │  │ Inlined Proc 'tmp = __VERIFIER_nondet_int()'
                          └────────────────────────────────────────┘  │
                            │                                         │
                            │ Ret (Some val, __VERIFIER_nondet_int)   │
                            ▼                                         │
                          ┌────────────────────────────────────────┐  │
                          │                   16                   │  │
                          └────────────────────────────────────────┘  │
                            │                                         │
                            │ InlineReturn 'tmp'                      │
                            ▼                                         │
┌───┐  Test (tmp,false)   ┌────────────────────────────────────────┐  │
│ 6 │ ◀────────────────── │                   4                    │ ◀┘
└───┘                     └────────────────────────────────────────┘
  │                         │
  │                         │ Test (tmp,true)
  │                         ▼
  │                       ┌────────────────────────────────────────┐
  │                       │                   5                    │
  │                       └────────────────────────────────────────┘
  │                         │
  │                         │ Assign 'x = 1'
  │                         ▼
  │   Assign 'x = 2'      ┌────────────────────────────────────────┐
  └─────────────────────▶ │                   7                    │
                          └────────────────────────────────────────┘
                            │
                            │ Test (1 <= x,true)
                            ▼
                          ┌────────────────────────────────────────┐
                          │                   11                   │
                          └────────────────────────────────────────┘
                            │
                            │ Test (x <= 2,true)
                            ▼
                          ┌────────────────────────────────────────┐
                          │                   12                   │
                          └────────────────────────────────────────┘
                            │
                            │ Assign 'tmp___0 = 1'
                            ▼
                          ┌────────────────────────────────────────┐
                          │                   13                   │ ─┐
                          └────────────────────────────────────────┘  │
                            │                                         │
                            │ InlineEntry '(tmp___0)'                 │
                            ▼                                         │
                          ┌────────────────────────────────────────┐  │
                          │                   17                   │  │
                          └────────────────────────────────────────┘  │
                            │                                         │
                            │ Entry __VERIFIER_assert                 │
                            ▼                                         │
                          ┌────────────────────────────────────────┐  │
                          │                   9                    │  │
                          └────────────────────────────────────────┘  │
                            │                                         │
                            │ Test (! cond,false)                     │ Inlined Proc '__VERIFIER_assert(tmp___0)'
                            ▼                                         │
                          ┌────────────────────────────────────────┐  │
                          │                   10                   │  │
                          └────────────────────────────────────────┘  │
                            │                                         │
                            │ Ret (None, __VERIFIER_assert)           │
                            ▼                                         │
                          ┌────────────────────────────────────────┐  │
                          │                   15                   │  │
                          └────────────────────────────────────────┘  │
                            │                                         │
                            │ InlineReturn                            │
                            ▼                                         │
                          ┌────────────────────────────────────────┐  │
                          │                   14                   │ ◀┘
                          └────────────────────────────────────────┘
                            │
                            │ Ret (Some 0, main)
                            ▼
                          ┌────────────────────────────────────────┐
                          │                   8                    │
                          └────────────────────────────────────────┘
