
  ┌─────────────────────────────────────────────────────────────────────────────────────────────────────────────────────────────────────────────────────────┐
  │                                                                                                                                                         │
  │                                                            ┌────────────────────────────────────────┐                                                   │
  │                                                            │                  159                   │                                                   │
  │                                                            └────────────────────────────────────────┘                                                   │
  │                                                              │                                                                                          │
  │                                                              │ Entry main                                                                               │
  │                                                              ▼                                                                                          │
  │                                                            ┌────────────────────────────────────────┐                                                   │
  │                                                            │                  160                   │ ─┐                                                │
  │                                                            └────────────────────────────────────────┘  │                                                │
  │                                                              │                                         │                                                │
  │                                                              │ InlineEntry '()'                        │                                                │
  │                                                              ▼                                         │                                                │
  │                                                            ┌────────────────────────────────────────┐  │                                                │
  │                                                            │                  161                   │  │                                                │
  │                                                            └────────────────────────────────────────┘  │                                                │
  │                                                              │                                         │                                                │
  │                                                              │ Entry __VERIFIER_nondet_int             │                                                │
  │                                                              ▼                                         │                                                │
  │                                                            ┌────────────────────────────────────────┐  │                                                │
  │                                                            │                  162                   │  │ Inlined Proc 'tmp = __VERIFIER_nondet_int()'   │
  │                                                            └────────────────────────────────────────┘  │                                                │
  │                                                              │                                         │                                                │
  │                                                              │ Ret (Some val, __VERIFIER_nondet_int)   │                                                │
  │                                                              ▼                                         │                                                │
  │                                                            ┌────────────────────────────────────────┐  │                                                │
  │                                                            │                  174                   │  │                                                │
  │                                                            └────────────────────────────────────────┘  │                                                │
  │                                                              │                                         │                                                │
  │                                                              │ InlineReturn 'tmp'                      │                                                │
  │                                                              ▼                                         │                                                │
  │                                                            ┌────────────────────────────────────────┐  │                                                │ Assign 'i = i + 1'
  │                                                            │                  165                   │ ◀┘                                                │
  │                                                            └────────────────────────────────────────┘                                                   │
  │                                                              │                                                                                          │
  │                                                              │ Assign 'n = tmp'                                                                         │
  │                                                              ▼                                                                                          │
  │                                                            ┌────────────────────────────────────────┐                                                   │
  │                                                            │                  172                   │ ─┐                                                │
  │                                                            └────────────────────────────────────────┘  │                                                │
  │                                                              │                                         │                                                │
  │                                                              │ InlineEntry '(n)'                       │                                                │
  │                                                              ▼                                         │                                                │
  │                                                            ┌────────────────────────────────────────┐  │                                                │
  │                                                            │                  168                   │  │                                                │
  │                                                            └────────────────────────────────────────┘  │                                                │
  │                                                              │                                         │                                                │
  │                                                              │ Entry sum                               │                                                │
  │                                                              ▼                                         │                                                │
  │                                                            ┌────────────────────────────────────────┐  │                                                │
  │                                                            │                  169                   │  │                                                │
  │                                                            └────────────────────────────────────────┘  │                                                │
  │                                                              │                                         │                                                │
  │                                                              │ Assign 'sum___0 = 0'                    │                                                │
  │                                                              ▼                                         │                                                │
  │                                                            ┌────────────────────────────────────────┐  │                                                │
  │                                                            │                  170                   │  │                                                │
  │                                                            └────────────────────────────────────────┘  │                                                │
  │                                                              │                                         │                                                │
  │                                                              │ Assign 'i = 0'                          │                                                │
  │                                                              ▼                                         │                                                │
  │  ┌─────────────────────────────────┐  Test (i < n,true)    ┌────────────────────────────────────────┐  │                                                │
  │  │               163               │ ◀──────────────────── │                  171                   │ ◀┼────────────────────────────────────────────────┘
  │  └─────────────────────────────────┘                       └────────────────────────────────────────┘  │
  │    │                                                         │                                         │
  │    │ Assign 'sum___0 = sum___0 + i'                          │ Test (i < n,false)                      │
  │    ▼                                                         ▼                                         │
  │  ┌─────────────────────────────────┐                       ┌────────────────────────────────────────┐  │
  └─ │               164               │                       │                  183                   │  │
     └─────────────────────────────────┘                       └────────────────────────────────────────┘  │
                                                                 │                                         │
                                                                 │ Ret (Some sum___0, sum)                 │ Inlined Proc 'tmp___0 = sum(n)'
                                                                 ▼                                         │
                                                               ┌────────────────────────────────────────┐  │
                                                               │                  182                   │  │
                                                               └────────────────────────────────────────┘  │
                                                                 │                                         │
                                                                 │ InlineReturn 'tmp___0'                  │
                                                                 ▼                                         │
                                                               ┌────────────────────────────────────────┐  │
                                                               │                  173                   │ ◀┘
                                                               └────────────────────────────────────────┘
                                                                 │
                                                                 │ Assign 's = tmp___0'
                                                                 ▼
                                                               ┌────────────────────────────────────────┐
                                                               │                  178                   │ ─┐
                                                               └────────────────────────────────────────┘  │
                                                                 │                                         │
                                                                 │ InlineEntry '(s >= 0)'                  │
                                                                 ▼                                         │
                                                               ┌────────────────────────────────────────┐  │
                                                               │                  176                   │  │
                                                               └────────────────────────────────────────┘  │
                                                                 │                                         │
                                                                 │ Entry __VERIFIER_assert                 │
                                                                 ▼                                         │
     ┌─────────────────────────────────┐  Test (! cond,true)   ┌────────────────────────────────────────┐  │
     │               184               │ ◀──────────────────── │                  177                   │  │
     └─────────────────────────────────┘                       └────────────────────────────────────────┘  │
       │                                                         │                                         │
       │ InlineEntry '()'                                        │ Test (! cond,false)                     │ Inlined Proc '__VERIFIER_assert(s >= 0)'
       ▼                                                         ▼                                         │
     ┌─────────────────────────────────┐                       ┌────────────────────────────────────────┐  │
     │               179               │                       │                  175                   │  │
     └─────────────────────────────────┘                       └────────────────────────────────────────┘  │
       │                                                         │                                         │
       │ Entry __VERIFIER_error                                  │ Ret (None, __VERIFIER_assert)           │
       ▼                                                         ▼                                         │
     ┌─────────────────────────────────┐                       ┌────────────────────────────────────────┐  │
     │               180               │                       │                  166                   │  │
     └─────────────────────────────────┘                       └────────────────────────────────────────┘  │
                                                                 │                                         │
                                                                 │ InlineReturn                            │
                                                                 ▼                                         │
                                                               ┌────────────────────────────────────────┐  │
                                                               │                  167                   │ ◀┘
                                                               └────────────────────────────────────────┘
                                                                 │
                                                                 │ Ret (Some 0, main)
                                                                 ▼
                                                               ┌────────────────────────────────────────┐
                                                               │                  181                   │
                                                               └────────────────────────────────────────┘
