
                                                                  ┌──────────────────────────────────────────────────────────────────────────────────────────────────────────────────────────────────────────────────────────────────────────────────────────────────────────────────────────────────────────────────────────────────────────────────────────────────────────────────────────────────────────────────────────────────────────────────────────────────────────────────────────────────────────────────┐
                                                                  │                                                                                                                                                                                                                                                                                                                                                                                                                                                  │
                                                                  │                                                                                                                                                                                                                                                                                                                                                                                                                                                  │
  ┌───────────────────────────────────────────────────────────────┼────────────────────────────────────────────────────────────────────────────────────────────────────────┐                                                                                                                                                                                                                                                                                                                                         │
  │                                                               │                                                                                                        │                                                                                                                                                                                                                                                                                                                                         │
  │                                                               │                                Inlined Proc 'foo(x, 3)'                                                │                                                                                                                                                                                                                                                                                                                                         │
  │                                                     ┌─────────┼──────────────────────────────────────────────────────────────┐                                         │ InlineReturn                                                                ┌──────────────────────────────────────────────────────────────────────────────────────────────────────────────────────────────────────────────────────────────────────────────────────────────────────────────────────────────────────────────────────┐    │
  │                                                     │         │                                                              ▼                                         ▼                                                                             │                                                                                                                                                                                                                                                      │    │
  │                                                     │         │                                InlineReturn                ┌──────────────────────────────────────────────────────────────────────────────────────────────────────────────────────┐  │                                              ┌────────────────────────────────────────┐                                                                                                                                                              │    │
  │                                                     │    ┌────┼──────────────────────────────────────────────────────────▶ │                                                         269                                                          │  │                                              │                  265                   │                                                                                                                                                              │    │
  │                                                     │    │    │                                                            └──────────────────────────────────────────────────────────────────────────────────────────────────────────────────────┘  │                                              └────────────────────────────────────────┘                                                                                                                                                              │    │
  │                                                     │    │    │                                                              │                                                                                          ▲                            │                                                │                                                                                                                                                                                                     │    │
  │                                                     │    │    └─────────────────────────────────┐                            │ Ret (None, bar)                                                                          │ Inlined Proc 'foo(x, 4)'   │                                                │ Entry main                                                                                                                                                                                          │    │
  │                                                     │    │                                      │                            ▼                                                                                          │                            │                                                ▼                                                                                                                                                                                                     │    │
  │                                                     │    │                                      │                          ┌────────────────────────────────────────┐                                                   │                            │                                              ┌────────────────────────────────────────┐                                                                                                                                                              │    │
  │                                                     │    │                                      │                          │                  296                   │ ──────────────────────────────────────────────────┼────────────────────────────┘                                              │                  266                   │ ─┐                                                                                                                                                           │    │
  │                                                     │    │                                      │                          └────────────────────────────────────────┘                                                   │                                                                           └────────────────────────────────────────┘  │                                                                                                                                                           │    │
  │                                                     │    │                                      │                                                                                                                       │                                                                             │                                         │                                                                                                                                                           │    │
  │                                                     │    │                                      │                                                                                                                       │                                                                             │ InlineEntry '()'                        │                                                                                                                                                           │    │
  │                                                     │    │                                      │                                                                                                                       │                                                                             ▼                                         │                                                                                                                                                           │    │
  │                                                     │    │   InlineEntry '(x, 4)'               │                          ┌────────────────────────────────────────┐                                                   │                                                                           ┌────────────────────────────────────────┐  │                                                                                                                                                           │    │
  │         ┌───────────────────────────────────────────┼────┼──────────────────────────────────────┼────────────────────────▶ │                  299                   │                                                   │                                                                           │                  283                   │  │                                                                                                                                                           │    │
  │         │                                           │    │                                      │                          └────────────────────────────────────────┘                                                   │                                                                           └────────────────────────────────────────┘  │                                                                                                                                                           │    │
  │         │                                           │    │                                      │                            │                                                                                          │                                                                             │                                         │                                                                                                                                                           │    │
  │         │                                           │    │                                      │                            │ Entry foo                                                                                │                                                                             │ Entry __VERIFIER_nondet_int             │                                                                                                                                                           │    │
  │         │                                           │    │                                      │                            ▼                                                                                          │                                                                             ▼                                         │                                                                                                                                                           │    │
  │         │                                           │    │                                      │                          ┌────────────────────────────────────────┐                                                   │                                                                           ┌────────────────────────────────────────┐  │                                                                                                                                                           │    │
  │         │                                           │    │                                      └───────────────────────── │                  292                   │                                                   │                                                                           │                  284                   │  │                                                                                                                                                           │    │
  │         │                                           │    │                                                                 └────────────────────────────────────────┘                                                   │                                                                           └────────────────────────────────────────┘  │                                                                                                                                                           │    │
  │         │                                           │    │                                                                   │                                                                                          │                                                                             │                                         │                                                                                                                                                           │    │
  │         │                                           │    │                                                                   │ InlineEntry '(x < y)'                                                                    │                                                                             │ Ret (Some val, __VERIFIER_nondet_int)   │                                                                                                                                                           │    │
  │         │                                           │    │                                                                   ▼                                                                                          │                                                                             ▼                                         │                                                                                                                                                           │    │
  │         │                                           │    │                                                                 ┌────────────────────────────────────────┐                                                   │                                                                           ┌────────────────────────────────────────┐  │                                                                                                                                                           │    │
  │         │                                           │    │                                                                 │                  293                   │                                                   │                                                                           │                  326                   │  │                                                                                                                                                           │    │
  │         │                                           │    │                                                                 └────────────────────────────────────────┘                                                   │                                                                           └────────────────────────────────────────┘  │                                                                                                                                                           │    │
  │         │                                           │    │                                                                   │                                                                                          │                                                                             │                                         │                                                                                                                                                           │    │
  │         │                                           │    │                                                                   │ Entry __VERIFIER_assert                                                                  │                                                                             │ InlineReturn 'tmp'                      │ Inlined Proc 'tmp = __VERIFIER_nondet_int()'                                                                                                              │    │
  │         │                                           │    │                                                                   ▼                                                                                          │                                                                             ▼                                         │                                                                                                                                                           │    │
  │         │                                           │    │                                                                 ┌────────────────────────────────────────┐                                                   │                                                                           ┌────────────────────────────────────────┐  │                                                                                                                                                           │    │
  │         │                                           │    │    ┌─────────────────────────────────────────────────────────── │                  300                   │                                                   │                            ┌───────────────────────────────────────────── │                  294                   │ ◀┘                                                                                                                                                           │    │
  │         │                                           │    │    │                                                            └────────────────────────────────────────┘                                                   │                            │                                              └────────────────────────────────────────┘                                                                                                                                                              │    │
  │         │                                           │    │    │                                                                                                                                                         │                            │                                                │                                                                                                                                                                                                     │    │
  │         │                                           │    │    │                                                                                                                                                         │                            │                                                │ Test (tmp,true)                                                                                                                                                                                     │    │
  │         │                                           │    │    │                                                                                                                                                         │                            │                                                ▼                                                                                                                                                                                                     │    │
  │         │                                           │    │    │                                                            ┌────────────────────────────────────────┐  InlineEntry '(1)'                                │                            │                                              ┌────────────────────────────────────────┐                                                                                                                                                              │    │
  │         │                                           │    │    │                                                            │                  325                   │ ◀─────────────────────────────────────────────────┼────────────────────────────┼───────────────────────────────────────────── │                  323                   │ ────────────────────────────────────────────────────────────────────────────────────┐                                                                        │    │
  │         │                                           │    │    │                                                            └────────────────────────────────────────┘                                                   │                            │                                              └────────────────────────────────────────┘                                                                                     │                                                                        │    │
  │         │                                           │    │    │                                                              │                                                                                          │                            │                                                                                                                                                                             │                                                                        │    │
  │         │                                           │    │    │                                                              │ Entry bar                                                                                │                            │ Test (tmp,false)                                                                                                                                                            │                                                                        │    │
  │         │                                           │    │    │                                                              ▼                                                                                          │                            │                                                                                                                                                                             │                                                                        │    │
  │         │                                           │    │    │                                                            ┌────────────────────────────────────────┐                                                   │                            │                                              ┌────────────────────────────────────────┐                                                                                     │                                                                        │    │
  │         │                                           │    │    │                                                            │                  301                   │ ─┐                                                │                            └────────────────────────────────────────────▶ │                  315                   │ ─┐                                                                                  │                                                                        │    │
  │         │                                           │    │    │                                                            └────────────────────────────────────────┘  │                                                │                                                                           └────────────────────────────────────────┘  │                                                                                  │                                                                        │    │
  │         │                                           │    │    │                                                              │                                         │                                                │                                                                             │                                         │                                                                                  │                                                                        │    │
  │         │                                           │    │    │                                                              │ InlineEntry '()'                        │                                                │                                                                             │ InlineEntry '(2)'                       │                                                                                  │                                                                        │    │
  │         │                                           │    │    │                                                              ▼                                         │                                                │                                                                             ▼                                         │                                                                                  │                                                                        │    │
  │         │                                           │    │    │                                                            ┌────────────────────────────────────────┐  │                                                │                                                                           ┌────────────────────────────────────────┐  │                                                                                  │                                                                        │    │
  │         │                                           │    │    │                                                            │                  302                   │  │                                                │                                                                           │                  313                   │  │                                                                                  │                                                                        │    │
  │         │                                           │    │    │                                                            └────────────────────────────────────────┘  │                                                │                                                                           └────────────────────────────────────────┘  │                                                                                  │                                                                        │    │
  │         │                                           │    │    │                                                              │                                         │                                                │                                                                             │                                         │                                                                                  │                                                                        │    │
  │         │                                           │    │    │                                                              │ Entry __VERIFIER_nondet_int             │                                                │                                                                             │ Entry bar                               │                                                                                  │                                                                        │    │
  │         │                                           │    │    │                                                              ▼                                         │                                                │                                                                             ▼                                         │                                                                                  │                                                                        │    │
  │         │                                           │    │    │                                                            ┌────────────────────────────────────────┐  │                                                │                                                                           ┌────────────────────────────────────────┐  │                                                                                  │                                                                        │    │
  │         │                                           │    │    │                                                            │                  281                   │  │                                                │                            ┌───────────────────────────────────────────── │                  314                   │  │                                                                                  │                                                                        │    │
  │         │                                           │    │    │                                                            └────────────────────────────────────────┘  │                                                │                            │                                              └────────────────────────────────────────┘  │                                                                                  │                                                                        │    │
  │         │                                           │    │    │                                                              │                                         │                                                │                            │                                                │                                         │                                                                                  │                                                                        │    │
  │         │                                           │    │    │                                                              │ Ret (Some val, __VERIFIER_nondet_int)   │                                                │                            │                                                │ InlineEntry '()'                        │                                                                                  │                                                                        │    │
  │         │                                           │    │    │                                                              ▼                                         │                                                │                            │                                                ▼                                         │                                                                                  │                                                                        │    │
  │         │                                           │    │    │                                                            ┌────────────────────────────────────────┐  │                                                │                            │                                              ┌────────────────────────────────────────┐  │                                                                                  │                                                                        │    │
  │         │                                           │    │    │                                                            │                  282                   │  │                                                │                            │                                              │                  272                   │  │                                                                                  │                                                                        │    │
  │         │                                           │    │    │                                                            └────────────────────────────────────────┘  │                                                │                            │                                              └────────────────────────────────────────┘  │                                                                                  │                                                                        │    │
  │         │                                           │    │    │                                                              │                                         │                                                │                            │                                                │                                         │                                                                                  │                                                                        │    │
  │         │                                           │    │    │                                                              │ InlineReturn 'tmp'                      │ Inlined Proc 'tmp = __VERIFIER_nondet_int()'   │                            │                                                │ Entry __VERIFIER_nondet_int             │                                                                                  │                                                                        │    │
  │         │                                           │    │    │                                                              ▼                                         │                                                │                            │                                                ▼                                         │                                                                                  │                                                                        │    │
  │         │                                           │    │    │                                                            ┌────────────────────────────────────────┐  │                                                │                            │                                              ┌────────────────────────────────────────┐  │                                                                                  │                                                                        │    │
  │         │                                           │    │    │                                 ┌───────────────────────── │                  289                   │ ◀┘                                                │                            │                                              │                  273                   │  │                                                                                  │                                                                        │    │
  │         │                                           │    │    │                                 │                          └────────────────────────────────────────┘                                                   │                            │                                              └────────────────────────────────────────┘  │                                                                                  │                                                                        │    │
  │         │                                           │    │    │                                 │                            │                                                                                          │                            │                                                │                                         │                                                                                  │                                                                        │    │
  │         │                                           │    │    │                                 │                            │ Test (tmp,false)                                                                         │                            │                                                │ Ret (Some val, __VERIFIER_nondet_int)   │                                                                                  │                                                                        │    │
  │         │                                           │    │    │                                 │                            ▼                                                                                          │                            │                                                ▼                                         │                                                                                  │                                                                        │    │
  │         │                                           │    │    │                                 │                          ┌────────────────────────────────────────┐                                                   │                            │                                              ┌────────────────────────────────────────┐  │                                                                                  │                                                                        │    │
  │         └───────────────────────────────────────────┼────┼────┼─────────────────────────────────┼───────────────────────── │                  298                   │ ──────────────────────────────────────────────────┘                            │                                              │                  322                   │  │                                                                                  │                                                                        │    │
  │                                                     │    │    │                                 │                          └────────────────────────────────────────┘                                                                                │                                              └────────────────────────────────────────┘  │                                                                                  │                                                                        │    │
  │                                                     │    │    │                                 │                                                                                                                                                    │                                                │                                         │                                                                                  │                                                                        │    │
  │                                                     │    │    │                                 │ Test (tmp,true)                                                                                                                                    │ Inlined Proc 'tmp = __VERIFIER_nondet_int()'   │ InlineReturn 'tmp'                      │                                                                                  │                                                                        │    │
  │                                                     │    │    │                                 │                                                                                                                                                    │                                                ▼                                         │                                                                                  │                                                                        │    │
  │                                                     │    │    │                                 │                          ┌────────────────────────────────────────┐                                                                                │                                              ┌────────────────────────────────────────┐  │                                                                                  │                                                                        │    │
  │                                                     │    │    │                                 └────────────────────────▶ │                  267                   │ ─┐                                                                             └────────────────────────────────────────────▶ │                  317                   │ ─┼────────────────────────────────────────────────┐                                 │                                                                        │    │
  │                                                     │    │    │                                                            └────────────────────────────────────────┘  │                                                                                                                            └────────────────────────────────────────┘  │                                                │                                 │                                                                        │    │
  │                                                     │    │    │                                                              │                                         │                                                                                                                              │                                         │                                                │                                 │                                                                        │    │
  │    ┌────────────────────────────────────────────────┼────┼────┘                                                              │ InlineEntry '(x, 3)'                    │                                                                                                                              │ Test (tmp,false)                        │                                                │                                 │                                                                        │    │
  │    │                                                │    │                                                                   ▼                                         │                                                                                                                              ▼                                         │                                                │                                 │                                                                        │    │
  │    │                                                │    │  ┌────────────────────────────────┐  Entry foo                  ┌────────────────────────────────────────┐  │                                                                                                                            ┌────────────────────────────────────────┐  │                                                │                                 │                                                                        │    │
  │    │    ┌───────────────────────────────────────────┼────┼─ │              316               │ ◀────────────────────────── │                  268                   │  │                                                ┌────────────────────────────────────────────────────────────────────────── │                  319                   │  │                                                │                                 │                                                                        │    │
  │    │    │                                           │    │  └────────────────────────────────┘                             └────────────────────────────────────────┘  │                                                │                                                                           └────────────────────────────────────────┘  │                                                │                                 │                                                                        │    │
  │    │    │                                           │    │    │                                                                                                        │                                                │                                                                                                                       │                                                │                                 │                                                                        │    │
  │    │    │                                           │    │    │ InlineEntry '(x < y)'           ┌──────────────────────────────────────────────────────────────────────┘                                                │                            ┌──────────────────────────────────────────────────────────────────────────────────────────┘                                                │                                 │                                                                        │    │
  │    │    │                                           │    │    ▼                                 │                                                                                                                       │                            │                                                                                                                                           │                                 │                                                                        │    │
  │    │    │                                           │    │  ┌────────────────────────────────┐  │                                                                                                                       │                            │                                              ┌────────────────────────────────────────┐  Test (tmp,true)                                  │                                 │                                                                        │    │
  │    │    │                                           │    │  │              274               │  │                                                                      ┌────────────────────────────────────────────────┼────────────────────────────┼───────────────────────────────────────────── │                  318                   │ ◀─────────────────────────────────────────────────┘                                 │                                                                        │    │
  │    │    │                                           │    │  └────────────────────────────────┘  │                                                                      │                                                │                            │                                              └────────────────────────────────────────┘                                                                                     │                                                                        │    │
  │    │    │                                           │    │    │                                 │                                                                      │                                                │                            │                                                │                                                                                                                            │                                                                        │    │
  │    │    │                                           │    │    │ Entry __VERIFIER_assert         │                                                                      │                                                │                            │                                                │ InlineEntry '(x, 3)'                                                                                                       │                                                                        │    │
  │    │    │                                           │    │    ▼                                 │                                                                      │                                                │                            │                                                ▼                                                                                                                            │                                                                        │    │
  │    │    │                                           │    │  ┌────────────────────────────────┐  │                                                                      │                                                │                            │                                              ┌────────────────────────────────────────┐                                                                                     │                                                                        │    │
  │    │    │                                           │    │  │              275               │  │                                                                      │                                                │                            │                                              │                  290                   │                                                                                     │                                                                        │    │
  │    │    │                                           │    │  └────────────────────────────────┘  │                                                                      │                                                │                            │                                              └────────────────────────────────────────┘                                                                                     │                                                                        │    │
  │    │    │                                           │    │    │                                 │                                                                      │                                                │                            │                                                │                                                                                                                            │                                                                        │    │
  │    │    │                                           │    │    │ Test (! cond,false)             │                                                                      │                                                │                            │                                                │ Entry foo                                                                                                                  │                                                                        │    │
  │    │    │                                           │    │    ▼                                 │                                                                      │                                                │                            │                                                ▼                                                                                                                            │                                                                        │    │
  │    │    │                                           │    │  ┌────────────────────────────────┐  │                                                                      │                                                │                            │                                              ┌────────────────────────────────────────┐                                                                                     │                                                                        │    │
  │    │    │                                           │    │  │              270               │  │                                                                      │                                                │                            │                                              │                  291                   │ ─┐                                                                                  │                                                                        │    │
  │    │    │                                           │    │  └────────────────────────────────┘  │                                                                      │                                                │                            │                                              └────────────────────────────────────────┘  │                                                                                  │                                                                        │    │
  │    │    │                                           │    │    │                                 │                                                                      │                                                │                            │                                                │                                         │                                                                                  │                                                                        │    │
  │    │    │                                           │    │    │ Ret (None, __VERIFIER_assert)   │                                                                      │                                                │                            │                                                │ InlineEntry '(x < y)'                   │                                                                                  │                                                                        │    │
  │    │    │                                           │    │    ▼                                 │                                                                      │                                                │                            │                                                ▼                                         │                                                                                  │                                                                        │    │
  │    │    │                                           │    │  ┌────────────────────────────────┐  │                                                                      │                                                │                            │                                              ┌────────────────────────────────────────┐  │                                                                                  │                                                                        │    │
  │    │    │                                           │    │  │              271               │  │                                                                      │                                                │                            │                                              │                  320                   │  │                                                                                  │                                                                        │    │
  │    │    │                                           │    │  └────────────────────────────────┘  │                                                                      │                                                │                            │                                              └────────────────────────────────────────┘  │                                                                                  │                                                                        │    │
  │    │    │                                           │    │    │                                 │                                                                      │                                                │                            │                                                │                                         │                                                                                  │                                                                        │    │
  │    │    │ Inlined Proc '__VERIFIER_assert(x < y)'   │    │    │ InlineReturn                    │                                                                      │                                                │                            │                                                │ Entry __VERIFIER_assert                 │                                                                                  │                                                                        │    │
  │    │    │                                           │    │    ▼                                 │                                                                      │                                                │                            │                                                ▼                                         │                                                                                  │                                                                        │    │
  │    │    │                                           │    │  ┌────────────────────────────────┐  │                                                                      │                                                │                            │                                              ┌────────────────────────────────────────┐  │                                                                                  │                                                                        │    │
  │    │    └───────────────────────────────────────────┼────┼▶ │              311               │  │                                                                      │                                                │                            │                                              │                  286                   │  │                                                                                  │                                                                        │    │
  │    │                                                │    │  └────────────────────────────────┘  │                                                                      │                                                │                            │                                              └────────────────────────────────────────┘  │                                                                                  │                                                                        │    │
  │    │                                                │    │    │                                 │                                                                      │                                                │                            │                                                │                                         │                                                                                  │                                                                        │    │
  │    │                                                │    │    │ Ret (None, foo)                 │                                                                      │                                                │                            │                                                │ Test (! cond,false)                     │                                                                                  │                                                                        │    │
  │    │                                                │    │    ▼                                 │                                                                      │                                                │                            │                                                ▼                                         │                                                                                  │                                                                        │    │
  │    │                                                │    │  ┌────────────────────────────────┐  │                                                                      │                                                │                            │                                              ┌────────────────────────────────────────┐  │                                                                                  │                                                                        │    │
  │    │                                                │    └─ │              310               │  │                                                                      │                                                │                            │                                              │                  287                   │  │                                                                                  │                                                                        │    │
  │    │                                                │       └────────────────────────────────┘  │                                                                      │                                                │                            │                                              └────────────────────────────────────────┘  │                                                                                  │                                                                        │    │
  │    │                                                │                                           │                                                                      │                                                │                            │                                                │                                         │                                                                                  │                                                                        │    │
  │    │                                                └───────────────────────────────────────────┘                                                                      │                                                │                            │                                                │ Ret (None, __VERIFIER_assert)           │                                                                                  │                                                                        │    │
  │    │                                                                                                                                                                   │                                                │                            │                                                ▼                                         │                                                                                  │                                                                        │    │
  │    │                                                                                                                                                                   │                                                │                            │                                              ┌────────────────────────────────────────┐  │                                                                                  │                                                                        │    │
  │    │                                                                                                                                                                   │                                                │                            │                                              │                  312                   │  │                                                                                  │                                                                        │    │
  │    │                                                                                                                                                                   │                                                │                            │                                              └────────────────────────────────────────┘  │                                                                                  │                                                                        │    │
  │    │                                                                                                                                                                   │                                                │                            │                                                │                                         │                                                                                  │                                                                        │    │
  │    │                                                                                                                                                                   │                                                │                            │                                                │ InlineReturn                            │ Inlined Proc '__VERIFIER_assert(x < y)'                                          │                                                                        │    │
  │    │                                                                                                                                                                   │                                                │                            │                                                ▼                                         │                                                                                  │                                                                        │    │
  │    │                                                                                                                                                                   │                                                │                            │                                              ┌────────────────────────────────────────┐  │                                                                                  │                                                                        │    │
  │    │                                                                                                                                                                   │                                                │                            │                                              │                  285                   │ ◀┘                                                                                  │                                                                        │    │
  │    │                                                                                                                                                                   │                                                │                            │                                              └────────────────────────────────────────┘                                                                                     │                                                                        │    │
  │    │                                                                                                                                                                   │                                                │                            │                                                │                                                                                                                            │                                                                        │    │
  │    │                                                                                                                                                                   │                                                │                            │                                                │ Ret (None, foo)                                                                                                            │                                                                        │    │
  │    │                                                                                                                                                                   │                                                │                            │                                                ▼                                                                                                                            │                                                                        │    │
  │    │                                                                                                                                                                   │                                                │                            │                                              ┌────────────────────────────────────────┐                                                                                     │                                                                        │    │
  │    │                                                                                                                                                                   │                                                │                            │                                              │                  280                   │                                                                                     │                                                                        │    │
  │    │                                                                                                                                                                   │                                                │                            │                                              └────────────────────────────────────────┘                                                                                     │                                                                        │    │
  │    │                                                                                                                                                                   │                                                │                            │                                                │                                                                                                                            │                                          InlineReturn                  │    │
  │    │                                                                                                                                                                   │                                                │ Inlined Proc 'foo(x, 4)'   │                                                │ InlineReturn                                                                             ┌─────────────────────────────────┼────────────────────────────────────────────────────────────────────────┼────┼────┐
  │    │                                                                                                                                                                   │                                                │                            │                                                ▼                                                                                          ▼                                 │                                                                        │    │    │
  │    │                                                                                                                                                                   │                                                │                            │                                              ┌───────────────────────────────────────────────────────────────────────────────────────────────────────────────────────────┐  │                                                                        │    │    │
  │    │                                                                                                                                                                   │                                                └────────────────────────────┼────────────────────────────────────────────▶ │                                                            279                                                            │ ◀┼───────────────────────────────────────────┐                            │    │    │
  │    │                                                                                                                                                                   │                                                                             │                                              └───────────────────────────────────────────────────────────────────────────────────────────────────────────────────────────┘  │                                           │                            │    │    │
  │    │                                                                                                                                                                   │                                                                             │                                                │                                                                                                                            │                                           │                            │    │    │
  │    │                                                                                                                                                                   │                                                                             │                                                │ Ret (None, bar)                                                                                                            │                                           │ Inlined Proc 'foo(x, 3)'   │    │    │
  │    │                                                                                                                                                                   │                                                                             │                                                ▼                                                                                                                            │                                           │                            │    │    │
  │    │                                                                                                                                                                   │                                                                             │                                              ┌────────────────────────────────────────┐                                                                                     │                                           │                            │    │    │
  │    │                                                                                                                                                                   │                                                                             │                                              │                  288                   │                                                                                     │                                           │                            │    │    │
  │    │                                                                                                                                                                   │                                                                             │                                              └────────────────────────────────────────┘                                                                                     │                                           │                            │    │    │
  │    │                                                                                                                                                                   │                                                                             │                                                │                                                                                                                            │                                           │                            │    │    │
  │    │                                                                                                                                                                   │                                                                             │ Inlined Proc 'bar(2)'                          │ InlineReturn                                                                                                               │ Inlined Proc 'bar(1)'                     │                            │    │    │
  │    │                                                                                                                                                                   │                                                                             │                                                ▼                                                                                                                            │                                           │                            │    │    │
  │    │                                                                                                                                                                   │                                                                             │                                              ┌───────────────────────────────────────────────────────────────────────────────────────────────────────────────────────────┐  │                                           │                            │    │    │
  │    │                                                                                                                                                                   │                                                                             └────────────────────────────────────────────▶ │                                                            295                                                            │ ◀┘                                           │                            │    │    │
  │    │                                                                                                                                                                   │                                                                                                                            └───────────────────────────────────────────────────────────────────────────────────────────────────────────────────────────┘                                              │                            │    │    │
  │    │                                                                                                                                                                   │                                                                                                                              │                                                                                          ▲                                InlineReturn                                 │                            │    │    │
  │    │                                                                                                                                                                   │                                                                                                                              │ Ret (Some 0, main)                                                                       └─────────────────────────────────────────────────────────────────────────────┼────────────────────────────┘    │    │
  │    │                                                                                                                                                                   │                                                                                                                              ▼                                                                                                                                                                        │                                 │    │
  │    │                                                                                                                                                                   │                                                                                                                            ┌────────────────────────────────────────┐                                                                                                                                 │                                 │    │
  │    │                                                                                                                                                                   │                                                                                                                            │                  306                   │                                                                                                                                 │                            ┌────┼────┘
  │    │                                                                                                                                                                   │                                                                                                                            └────────────────────────────────────────┘                                                                                                                                 │                            │    │
  │    │                                                                                                                                                                   │                                                                                                                                                                                                                                                                                                       │                            │    │
  │    │                                                                                                                                                                   └───────────────────────────────────────────────────────────────────────────────────────────────────────────────────────────────────────────────────────────────────────────────────────────────────────────────────────────────────────────────────────────────────────────────────────────────────────┘                            │    │
  │    │                                                                                                                                                                                                                                                                                                                                                                                                                                                                                                        │    │
  │    │                                                                                                                                                                                                                                                                                                                                           Test (! cond,false)                                                                                                                                          │    │
  │    │                                                                                                                                                                                                                                                 ┌───────────────────────────────────────────────────────────────────────────────────────────────────────────────────────────────────────────┐                                                                             ┌────────────────────────────┘    │
  │    │                                                                                                                                                                                                                                                 │                                                                                                                                           ▼                                                                             │                                 │
  │    │                                                                                           Test (! cond,false)         ┌────────────────────────────────────────┐                                                 ┌───────────────────────────┐  │                                              ┌────────────────────────────────────────┐                                                 ┌────────────────────────────────┐                                            ┌───────────────────────────┐       │
  │    └─────────────────────────────────────────────────────────────────────────────────────────────────────────────────────▶ │                  297                   │                                                 │            304            │ ─┘                                              │                  307                   │                                                 │              305               │                                            │            278            │       │
  │                                                                                                                            └────────────────────────────────────────┘                                                 └───────────────────────────┘                                                 └────────────────────────────────────────┘                                                 └────────────────────────────────┘                                            └───────────────────────────┘       │
  │                                                                                                                              │                                                                                          ▲                                                                             │                                                                                          │                                                                             ▲                                 │
  │                                                                                                                              │ Ret (None, __VERIFIER_assert)                                                            │ Entry __VERIFIER_assert                                                     │ Entry foo                                                                                │ Ret (None, __VERIFIER_assert)                                               │ Ret (None, foo)                 │
  │                                                                                                                              ▼                                                                                          │                                                                             ▼                                                                                          ▼                                                                             │                                 │
  │                                                                                                                            ┌────────────────────────────────────────┐                                                 ┌───────────────────────────┐  InlineEntry '(x < y)'                          ┌────────────────────────────────────────┐                                                 ┌────────────────────────────────┐  InlineReturn                              ┌───────────────────────────┐       │
  │                                                                                                                            │                  276                   │                                                 │            324            │ ◀────────────────────────────────────────────── │                  308                   │ ─┐                                              │              321               │ ─────────────────────────────────────────▶ │            303            │       │
  │                                                                                                                            └────────────────────────────────────────┘                                                 └───────────────────────────┘                                                 └────────────────────────────────────────┘  │                                              └────────────────────────────────┘                                            └───────────────────────────┘       │
  │                                                                                                                              │                                                                                                                                                                                                                  │                                                                                 Inlined Proc '__VERIFIER_assert(x < y)'      ▲                                 │
  │                                                                                                                              │ InlineReturn                                                                                                                                                                                                     └──────────────────────────────────────────────────────────────────────────────────────────────────────────────────────────────┘                                 │
  │                                                                                                                              ▼                                                                                                                                                                                                                                                                                                                                                                                   │
  │                                                                                                                            ┌────────────────────────────────────────┐  Inlined Proc '__VERIFIER_assert(x < y)'                                                                                                                                                                                                                                                                                                   │
  │                                                                                                                            │                  277                   │ ◀──────────────────────────────────────────────────────────────────────────────────────────────────────────────────────────────────────────────────────────────────────────────────────────────────────────────────────────────────────────────────────────────────────────────────────────────────────────────────────────────────────────┘
  │                                                                                                                            └────────────────────────────────────────┘
  │                                                                                                                              │
  │                                                                                                                              │ Ret (None, foo)
  │                                                                                                                              ▼
  │                                                                                                                            ┌────────────────────────────────────────┐
  └─────────────────────────────────────────────────────────────────────────────────────────────────────────────────────────── │                  309                   │
                                                                                                                               └────────────────────────────────────────┘
