                             ┌────────────────────────────────┐
                             │               98               │
                             └────────────────────────────────┘
                               │
                               │ Entry main
                               ▼
                             ┌────────────────────────────────┐
                             │               99               │ ─┐
                             └────────────────────────────────┘  │
                               │                                 │
                               │ InlineEntry '(1)'               │
                               ▼                                 │
                             ┌────────────────────────────────┐  │
                             │              124               │  │
                             └────────────────────────────────┘  │
                               │                                 │
                               │ Entry bar                       │
                               ▼                                 │
                             ┌────────────────────────────────┐  │
  ┌───────────────────────── │              107               │  │
  │                          └────────────────────────────────┘  │
  │                            │                                 │
  │                            │ InlineEntry '(1, 3)'            │
  │                            ▼                                 │
  │                          ┌────────────────────────────────┐  │
  │                          │              108               │  │
  │                          └────────────────────────────────┘  │
  │                            │                                 │
  │                            │ Entry foo                       │
  │                            ▼                                 │
  │                          ┌────────────────────────────────┐  │
  │                          │              112               │ ─┼────────────────────────────┐
  │                          └────────────────────────────────┘  │                            │
  │                            │                                 │                            │
  │                            │ InlineEntry '(x < y)'           │                            │
  │                            ▼                                 │                            │
  │                          ┌────────────────────────────────┐  │                            │
  │                          │              125               │  │                            │
  │                          └────────────────────────────────┘  │                            │
  │                            │                                 │                            │
  │                            │ Entry __VERIFIER_assert         │                            │
  │                            ▼                                 │                            │
  │                          ┌────────────────────────────────┐  │                            │
  │                          │              110               │  │                            │
  │                          └────────────────────────────────┘  │                            │
  │                            │                                 │                            │
  │ Inlined Proc 'foo(1, 3)'   │ Test (! cond,false)             │                            │ Inlined Proc '__VERIFIER_assert(x < y)'
  │                            ▼                                 │                            │
  │                          ┌────────────────────────────────┐  │                            │
  │                          │              111               │  │                            │
  │                          └────────────────────────────────┘  │                            │
  │                            │                                 │                            │
  │                            │ Ret (None, __VERIFIER_assert)   │                            │
  │                            ▼                                 │                            │
  │                          ┌────────────────────────────────┐  │                            │
  │                          │              123               │  │                            │
  │                          └────────────────────────────────┘  │                            │
  │                            │                                 │                            │
  │                            │ InlineReturn                    │                            │
  │                            ▼                                 │                            │
  │                          ┌────────────────────────────────┐  │                            │
  │                          │              109               │ ◀┼────────────────────────────┘
  │                          └────────────────────────────────┘  │
  │                            │                                 │
  │                            │ Ret (None, foo)                 │
  │                            ▼                                 │
  │                          ┌────────────────────────────────┐  │
  │                          │              102               │  │
  │                          └────────────────────────────────┘  │
  │                            │                                 │
  │                            │ InlineReturn                    │
  │                            ▼                                 │
  │                          ┌────────────────────────────────┐  │
  └────────────────────────▶ │              103               │  │ Inlined Proc 'bar(1)'
                             └────────────────────────────────┘  │
                               │                                 │
                               │ Ret (None, bar)                 │
                               ▼                                 │
                             ┌────────────────────────────────┐  │
                             │              120               │  │
                             └────────────────────────────────┘  │
                               │                                 │
                               │ InlineReturn                    │
                               ▼                                 │
                             ┌────────────────────────────────┐  │
  ┌───────────────────────── │              104               │ ◀┘
  │                          └────────────────────────────────┘
  │                            │
  │                            │ InlineEntry '(2)'
  │                            ▼
  │                          ┌────────────────────────────────┐
  │                          │              105               │
  │                          └────────────────────────────────┘
  │                            │
  │                            │ Entry bar
  │                            ▼
  │                          ┌────────────────────────────────┐
  │                          │              115               │ ─┐
  │                          └────────────────────────────────┘  │
  │                            │                                 │
  │                            │ InlineEntry '(1, 3)'            │
  │                            ▼                                 │
  │                          ┌────────────────────────────────┐  │
  │                          │              116               │  │
  │                          └────────────────────────────────┘  │
  │                            │                                 │
  │                            │ Entry foo                       │
  │                            ▼                                 │
  │                          ┌────────────────────────────────┐  │
  │                          │              121               │ ─┼────────────────────────────┐
  │                          └────────────────────────────────┘  │                            │
  │                            │                                 │                            │
  │                            │ InlineEntry '(x < y)'           │                            │
  │                            ▼                                 │                            │
  │                          ┌────────────────────────────────┐  │                            │
  │                          │              100               │  │                            │
  │                          └────────────────────────────────┘  │                            │
  │                            │                                 │                            │
  │                            │ Entry __VERIFIER_assert         │                            │
  │                            ▼                                 │                            │
  │                          ┌────────────────────────────────┐  │                            │
  │                          │              101               │  │                            │
  │                          └────────────────────────────────┘  │                            │
  │                            │                                 │                            │
  │ Inlined Proc 'bar(2)'      │ Test (! cond,false)             │                            │ Inlined Proc '__VERIFIER_assert(x < y)'
  │                            ▼                                 │                            │
  │                          ┌────────────────────────────────┐  │                            │
  │                          │              118               │  │                            │
  │                          └────────────────────────────────┘  │                            │
  │                            │                                 │                            │
  │                            │ Ret (None, __VERIFIER_assert)   │                            │
  │                            ▼                                 │                            │
  │                          ┌────────────────────────────────┐  │                            │
  │                          │              126               │  │                            │
  │                          └────────────────────────────────┘  │                            │
  │                            │                                 │                            │
  │                            │ InlineReturn                    │                            │
  │                            ▼                                 │                            │
  │                          ┌────────────────────────────────┐  │                            │
  │                          │              117               │ ◀┼────────────────────────────┘
  │                          └────────────────────────────────┘  │
  │                            │                                 │
  │                            │ Ret (None, foo)                 │
  │                            ▼                                 │
  │                          ┌────────────────────────────────┐  │
  │                          │              113               │  │ Inlined Proc 'foo(1, 3)'
  │                          └────────────────────────────────┘  │
  │                            │                                 │
  │                            │ InlineReturn                    │
  │                            ▼                                 │
  │                          ┌────────────────────────────────┐  │
  │                          │              114               │ ◀┘
  │                          └────────────────────────────────┘
  │                            │
  │                            │ Ret (None, bar)
  │                            ▼
  │                          ┌────────────────────────────────┐
  │                          │              119               │
  │                          └────────────────────────────────┘
  │                            │
  │                            │ InlineReturn
  │                            ▼
  │                          ┌────────────────────────────────┐
  └────────────────────────▶ │              106               │
                             └────────────────────────────────┘
                               │
                               │ Ret (Some 0, main)
                               ▼
                             ┌────────────────────────────────┐
                             │              122               │
                             └────────────────────────────────┘
