                       ┌────────────────────────────────┐
                       │               _                │
                       └────────────────────────────────┘
                         │
                         │ Entry main
                         ▼
                       ┌────────────────────────────────┐
                       │               _                │
                       └────────────────────────────────┘
                         │
                         │ Assign 'i = 0'
                         ▼
                       ┌────────────────────────────────┐  Test (i < 1000,false)                        ┌───┐  Ret (Some 0, main)   ┌───┐
  ┌──────────────────▶ │               _                │ ────────────────────────────────────────────▶ │ _ │ ────────────────────▶ │ _ │
  │                    └────────────────────────────────┘                                               └───┘                       └───┘
  │                      │
  │                      │ Test (i < 1000,true)
  │                      ▼
  │                    ┌────────────────────────────────┐
  │                    │               _                │ ─┐
  │                    └────────────────────────────────┘  │
  │                      │                                 │
  │                      │ InlineEntry '(i < 2000)'        │
  │                      ▼                                 │
  │                    ┌────────────────────────────────┐  │
  │                    │               _                │  │
  │                    └────────────────────────────────┘  │
  │                      │                                 │
  │                      │ Entry __VERIFIER_assert         │
  │                      ▼                                 │
  │                    ┌────────────────────────────────┐  │
  │ Assign 'i = i + 1' │               _                │  │
  │                    └────────────────────────────────┘  │
  │                      │                                 │
  │                      │ Test (! cond,false)             │ Inlined Proc '__VERIFIER_assert(i < 2000)'
  │                      ▼                                 │
  │                    ┌────────────────────────────────┐  │
  │                    │               _                │  │
  │                    └────────────────────────────────┘  │
  │                      │                                 │
  │                      │ Ret (None, __VERIFIER_assert)   │
  │                      ▼                                 │
  │                    ┌────────────────────────────────┐  │
  │                    │               _                │  │
  │                    └────────────────────────────────┘  │
  │                      │                                 │
  │                      │ InlineReturn                    │
  │                      ▼                                 │
  │                    ┌────────────────────────────────┐  │
  └─────────────────── │               _                │ ◀┘
                       └────────────────────────────────┘
