                       ┌────────────────────────────────┐
                       │              116               │
                       └────────────────────────────────┘
                         │
                         │ Entry main
                         ▼
                       ┌────────────────────────────────┐
                       │              117               │
                       └────────────────────────────────┘
                         │
                         │ Assign 'i = 0'
                         ▼
                       ┌────────────────────────────────┐  Test (i < 1000,false)                        ┌─────┐  Ret (Some 0, main)   ┌─────┐
  ┌──────────────────▶ │              123               │ ────────────────────────────────────────────▶ │ 125 │ ────────────────────▶ │ 126 │
  │                    └────────────────────────────────┘                                               └─────┘                       └─────┘
  │                      │
  │                      │ Test (i < 1000,true)
  │                      ▼
  │                    ┌────────────────────────────────┐
  │                    │              124               │ ─┐
  │                    └────────────────────────────────┘  │
  │                      │                                 │
  │                      │ InlineEntry '(i < 2000)'        │
  │                      ▼                                 │
  │                    ┌────────────────────────────────┐  │
  │                    │              120               │  │
  │                    └────────────────────────────────┘  │
  │                      │                                 │
  │                      │ Entry __VERIFIER_assert         │
  │                      ▼                                 │
  │                    ┌────────────────────────────────┐  │
  │ Assign 'i = i + 1' │              121               │  │
  │                    └────────────────────────────────┘  │
  │                      │                                 │
  │                      │ Test (! cond,false)             │ Inlined Proc '__VERIFIER_assert(i < 2000)'
  │                      ▼                                 │
  │                    ┌────────────────────────────────┐  │
  │                    │              118               │  │
  │                    └────────────────────────────────┘  │
  │                      │                                 │
  │                      │ Ret (None, __VERIFIER_assert)   │
  │                      ▼                                 │
  │                    ┌────────────────────────────────┐  │
  │                    │              119               │  │
  │                    └────────────────────────────────┘  │
  │                      │                                 │
  │                      │ InlineReturn                    │
  │                      ▼                                 │
  │                    ┌────────────────────────────────┐  │
  └─────────────────── │              122               │ ◀┘
                       └────────────────────────────────┘
