                       ┌────────────────────────────────┐
                       │              123               │
                       └────────────────────────────────┘
                         │
                         │ Entry main
                         ▼
                       ┌────────────────────────────────┐
                       │              124               │ ─┐
                       └────────────────────────────────┘  │
                         │                                 │
                         │ InlineEntry '()'                │
                         ▼                                 │
                       ┌────────────────────────────────┐  │
                       │              131               │  │
                       └────────────────────────────────┘  │
                         │                                 │
                         │ Entry fun                       │
                         ▼                                 │
                       ┌────────────────────────────────┐  │
                       │              132               │  │
                       └────────────────────────────────┘  │
                         │                                 │
                         │ Assign 'i = 0'                  │
                         ▼                                 │
                       ┌────────────────────────────────┐  │                                            ┌───────────────────────┐  Ret (None, fun)   ┌─────────────────────┐
  ┌──────────────────▶ │              130               │ ─┼──────────────────────────────────────────▶ │          136          │ ─────────────────▶ │         137         │
  │                    └────────────────────────────────┘  │                                            └───────────────────────┘                    └─────────────────────┘
  │                      │                                 │                                             Inlined Proc 'fun()'                          │
  │                      │ Test (i < 1000,true)            └───────────────────────────────────────────────────────────────────────┐                   │ InlineReturn
  │                      ▼                                                                                                         │                   ▼
  │                    ┌────────────────────────────────┐                                                                          │                 ┌─────────────────────┐
  │                    │              135               │ ─┐                                                                       └───────────────▶ │         133         │
  │                    └────────────────────────────────┘  │                                                                                         └─────────────────────┘
  │                      │                                 │                                                                                           │
  │                      │ InlineEntry '(i < 2000)'        │                                                                                           │ Ret (Some 0, main)
  │                      ▼                                 │                                                                                           ▼
  │                    ┌────────────────────────────────┐  │                                                                                         ┌─────────────────────┐
  │                    │              127               │  │                                                                                         │         134         │
  │                    └────────────────────────────────┘  │                                                                                         └─────────────────────┘
  │                      │                                 │
  │                      │ Entry __VERIFIER_assert         │
  │                      ▼                                 │
  │                    ┌────────────────────────────────┐  │
  │ Assign 'i = i + 1' │              128               │  │
  │                    └────────────────────────────────┘  │
  │                      │                                 │
  │                      │ Test (! cond,false)             │ Inlined Proc '__VERIFIER_assert(i < 2000)'
  │                      ▼                                 │
  │                    ┌────────────────────────────────┐  │
  │                    │              125               │  │
  │                    └────────────────────────────────┘  │
  │                      │                                 │
  │                      │ Ret (None, __VERIFIER_assert)   │
  │                      ▼                                 │
  │                    ┌────────────────────────────────┐  │
  │                    │              126               │  │
  │                    └────────────────────────────────┘  │
  │                      │                                 │
  │                      │ InlineReturn                    │
  │                      ▼                                 │
  │                    ┌────────────────────────────────┐  │
  └─────────────────── │              129               │ ◀┘
                       └────────────────────────────────┘
