┌─────────────────┐
│        0        │
└─────────────────┘
  │
  │ Entry main
  ▼
┌─────────────────┐
│        1        │ ◀┐
└─────────────────┘  │
  │                  │
  │ Test (1,true)    │
  ▼                  │
┌─────────────────┐  │
│        2        │  │ Test (x,false)
└─────────────────┘  │
  │                  │
  │ Assign 'x = 0'   │
  ▼                  │
┌─────────────────┐  │
│        3        │ ─┘
└─────────────────┘
