┌─────────────────┐
│        _        │
└─────────────────┘
  │
  │ Entry main
  ▼
┌─────────────────┐
│        _        │ ◀┐
└─────────────────┘  │
  │                  │
  │ Test (1,true)    │
  ▼                  │
┌─────────────────┐  │
│        _        │  │ Test (x,false)
└─────────────────┘  │
  │                  │
  │ Assign 'x = 0'   │
  ▼                  │
┌─────────────────┐  │
│        _        │ ─┘
└─────────────────┘
