                         ┌────────────────────────────────────────┐
                         │                   0                    │
                         └────────────────────────────────────────┘
                           │
                           │ Entry main
                           ▼
                         ┌────────────────────────────────────────┐
  ┌────────────────────▶ │                   1                    │
  │                      └────────────────────────────────────────┘
  │                        │
  │                        │ Test (1,true)
  │                        ▼
  │                      ┌────────────────────────────────────────┐
  │                      │                   5                    │ ─┐
  │                      └────────────────────────────────────────┘  │
  │                        │                                         │
  │                        │ InlineEntry '()'                        │
  │                        ▼                                         │
  │                      ┌────────────────────────────────────────┐  │
  │                      │                   6                    │  │
  │                      └────────────────────────────────────────┘  │
  │                        │                                         │
  │                        │ Entry __VERIFIER_nondet_int             │
  │                        ▼                                         │
  │                      ┌────────────────────────────────────────┐  │
  │ Test (x >= 50,false) │                   2                    │  │ Inlined Proc 'tmp = __VERIFIER_nondet_int()'
  │                      └────────────────────────────────────────┘  │
  │                        │                                         │
  │                        │ Ret (Some val, __VERIFIER_nondet_int)   │
  │                        ▼                                         │
  │                      ┌────────────────────────────────────────┐  │
  │                      │                   3                    │  │
  │                      └────────────────────────────────────────┘  │
  │                        │                                         │
  │                        │ InlineReturn 'tmp'                      │
  │                        ▼                                         │
  │                      ┌────────────────────────────────────────┐  │
  │                      │                   4                    │ ◀┘
  │                      └────────────────────────────────────────┘
  │                        │
  │                        │ Assign 'x = tmp 00'
  │                        ▼
  │                      ┌────────────────────────────────────────┐
  └───────────────────── │                   7                    │
                         └────────────────────────────────────────┘
                           │
                           │ Test (x >= 50,true)
                           ▼
                         ┌────────────────────────────────────────┐
                         │                   8                    │
                         └────────────────────────────────────────┘
                           │
                           │ InlineEntry '()'
                           ▼
                         ┌────────────────────────────────────────┐
                         │                   9                    │
                         └────────────────────────────────────────┘
                           │
                           │ Entry __VERIFIER_error
                           ▼
                         ┌────────────────────────────────────────┐
                         │                   10                   │
                         └────────────────────────────────────────┘
