                         ┌────────────────────────────────────────┐
                         │                   77                   │
                         └────────────────────────────────────────┘
                           │
                           │ Entry main
                           ▼
                         ┌────────────────────────────────────────┐
  ┌────────────────────▶ │                   78                   │
  │                      └────────────────────────────────────────┘
  │                        │
  │                        │ Test (1,true)
  │                        ▼
  │                      ┌────────────────────────────────────────┐
  │                      │                   82                   │ ─┐
  │                      └────────────────────────────────────────┘  │
  │                        │                                         │
  │                        │ InlineEntry '()'                        │
  │                        ▼                                         │
  │                      ┌────────────────────────────────────────┐  │
  │                      │                   83                   │  │
  │                      └────────────────────────────────────────┘  │
  │                        │                                         │
  │                        │ Entry __VERIFIER_nondet_int             │
  │                        ▼                                         │
  │                      ┌────────────────────────────────────────┐  │
  │ Test (x >= 50,false) │                   79                   │  │ Inlined Proc 'tmp = __VERIFIER_nondet_int()'
  │                      └────────────────────────────────────────┘  │
  │                        │                                         │
  │                        │ Ret (Some val, __VERIFIER_nondet_int)   │
  │                        ▼                                         │
  │                      ┌────────────────────────────────────────┐  │
  │                      │                   80                   │  │
  │                      └────────────────────────────────────────┘  │
  │                        │                                         │
  │                        │ InlineReturn 'tmp'                      │
  │                        ▼                                         │
  │                      ┌────────────────────────────────────────┐  │
  │                      │                   81                   │ ◀┘
  │                      └────────────────────────────────────────┘
  │                        │
  │                        │ Assign 'x = tmp 00'
  │                        ▼
  │                      ┌────────────────────────────────────────┐
  └───────────────────── │                   84                   │
                         └────────────────────────────────────────┘
                           │
                           │ Test (x >= 50,true)
                           ▼
                         ┌────────────────────────────────────────┐
                         │                   85                   │
                         └────────────────────────────────────────┘
                           │
                           │ InlineEntry '()'
                           ▼
                         ┌────────────────────────────────────────┐
                         │                   86                   │
                         └────────────────────────────────────────┘
                           │
                           │ Entry __VERIFIER_error
                           ▼
                         ┌────────────────────────────────────────┐
                         │                   87                   │
                         └────────────────────────────────────────┘
