                   ┌────────────────────────────────────────┐
                   │                   _                    │
                   └────────────────────────────────────────┘
                     │
                     │ Entry main
                     ▼
                   ┌────────────────────────────────────────┐
  ┌──────────────▶ │                   _                    │
  │                └────────────────────────────────────────┘
  │                  │
  │                  │ Test (1,true)
  │                  ▼
  │                ┌────────────────────────────────────────┐
  │                │                   _                    │ ─┐
  │                └────────────────────────────────────────┘  │
  │                  │                                         │
  │                  │ InlineEntry '()'                        │
  │                  ▼                                         │
  │                ┌────────────────────────────────────────┐  │
  │                │                   _                    │  │
  │                └────────────────────────────────────────┘  │
  │                  │                                         │
  │                  │ Entry __VERIFIER_nondet_int             │
  │                  ▼                                         │
  │                ┌────────────────────────────────────────┐  │
  │ Test (x,false) │                   _                    │  │ Inlined Proc 'tmp = __VERIFIER_nondet_int()'
  │                └────────────────────────────────────────┘  │
  │                  │                                         │
  │                  │ Ret (Some val, __VERIFIER_nondet_int)   │
  │                  ▼                                         │
  │                ┌────────────────────────────────────────┐  │
  │                │                   _                    │  │
  │                └────────────────────────────────────────┘  │
  │                  │                                         │
  │                  │ InlineReturn 'tmp'                      │
  │                  ▼                                         │
  │                ┌────────────────────────────────────────┐  │
  │                │                   _                    │ ◀┘
  │                └────────────────────────────────────────┘
  │                  │
  │                  │ Assign 'x = tmp'
  │                  ▼
  │                ┌────────────────────────────────────────┐
  └─────────────── │                   _                    │
                   └────────────────────────────────────────┘
                     │
                     │ Test (x,true)
                     ▼
                   ┌────────────────────────────────────────┐
                   │                   _                    │
                   └────────────────────────────────────────┘
                     │
                     │ InlineEntry '()'
                     ▼
                   ┌────────────────────────────────────────┐
                   │                   _                    │
                   └────────────────────────────────────────┘
                     │
                     │ Entry __VERIFIER_error
                     ▼
                   ┌────────────────────────────────────────┐
                   │                   _                    │
                   └────────────────────────────────────────┘
