                                                             ┌────────────────────────────────────────┐
                                                             │                  133                   │
                                                             └────────────────────────────────────────┘
                                                               │                                                                                              InlineReturn
                                                               │ Entry main                                                                               ┌────────────────────────────────────────────────────────────────────────┐
                                                               ▼                                                                                          ▼                                                                        │
                InlineReturn                                 ┌──────────────────────────────────────────────────────────────────────────────────────────────┐  Inlined Proc '__VERIFIER_assert(x == 0)'   ┌─────────────────────┐  │
       ┌───────────────────────────────────────────────────▶ │                                                                                              │ ◀────────────────────────────────────────── │         143         │ ─┼────┐
       │                                                     │                                                                                              │                                             └─────────────────────┘  │    │
       │        Inlined Proc '__VERIFIER_assert(x == 2)'     │                                                                                              │                                               ▲                      │    │
       │    ┌──────────────────────────────────────────────▶ │                                             134                                              │                                               │ Test (x == 0,true)   │    │
       │    │                                                │                                                                                              │                                               │                      │    │
       │    │                                                │                                                                                              │                                               │                      │    │
       │    │    ┌─────────────────────────────────────────▶ │                                                                                              │ ◀┐                                            │                      │    │
       │    │    │                                           └──────────────────────────────────────────────────────────────────────────────────────────────┘  │                                            │                      │    │
       │    │    │                                             │                                                                                               │                                            │                      │    │
       │    │    │                                             │ Test (1,true)                                                                                 │ InlineReturn                               │                      │    │
       │    │    │                                             ▼                                                                                               │                                            │                      │    │
       │    │    │                                           ┌────────────────────────────────────────┐                                                        │                                            │                      │    │
       │    │    │                                           │                  138                   │ ─┐                                                ┌────┼────────────────────────────────────────────┘                      │    │
       │    │    │                                           └────────────────────────────────────────┘  │                                                │    │                                                                   │    │
       │    │    │                                             │                                         │                                                │    │                                                                   │    │
       │    │    │                                             │ InlineEntry '()'                        │                                                │    │                                                                   │    │
       │    │    │                                             ▼                                         │                                                │    │                                                                   │    │
       │    │    │                                           ┌────────────────────────────────────────┐  │                                                │    │                                                                   │    │
       │    │    │                                           │                  139                   │  │                                                │    │                                                                   │    │
       │    │    │                                           └────────────────────────────────────────┘  │                                                │    │                                                                   │    │
       │    │    │                                             │                                         │                                                │    │                                                                   │    │
       │    │    │                                             │ Entry __VERIFIER_nondet_int             │                                                │    │                                                                   │    │
       │    │    │                                             ▼                                         │                                                │    │                                                                   │    │
       │    │    │                                           ┌────────────────────────────────────────┐  │                                                │    │                                                                   │    │
       │    │    │                                           │                  149                   │  │ Inlined Proc 'tmp = __VERIFIER_nondet_int()'   │    │                                                                   │    │
       │    │    │                                           └────────────────────────────────────────┘  │                                                │    │                                                                   │    │
       │    │    │                                             │                                         │                                                │    │                                                                   │    │
       │    │    │                                             │ Ret (Some val, __VERIFIER_nondet_int)   │                                                │    │                                                                   │    │
       │    │    │                                             ▼                                         │                                                │    │                                                                   │    │
       │    │    │                                           ┌────────────────────────────────────────┐  │                                                │    │                                                                   │    │
       │    │    │                                           │                  150                   │  │                                                │    │                                                                   │    │
       │    │    │                                           └────────────────────────────────────────┘  │                                                │    │                                                                   │    │
       │    │    │                                             │                                         │                                                │    │                                                                   │    │
       │    │    │                                             │ InlineReturn 'tmp'                      │                                                │    │                                                                   │    │
       │    │    │                                             ▼                                         │                                                │    │                                                                   │    │
       │    │    │                                           ┌────────────────────────────────────────┐  │                                                │    │                                                                   │    │
       │    │    │                                           │                  140                   │ ◀┘                                                │    │                                                                   │    │
       │    │    │                                           └────────────────────────────────────────┘                                                   │    │                                                                   │    │
       │    │    │                                             │                                                                                          │    │                                                                   │    │
       │    │    │ Inlined Proc '__VERIFIER_assert(tmp___0)'   │ Assign 'x = tmp'                                                                         │    │                                                                   │    │
       │    │    │                                             ▼                                                                                          │    │                                                                   │    │
       │    │    │                                           ┌────────────────────────────────────────┐                                                   │    │                                                                   │    │
       │    │    │                                           │                  141                   │ ──────────────────────────────────────────────────┘    │                                                                   │    │
       │    │    │                                           └────────────────────────────────────────┘                                                        │                                                                   │    │
       │    │    │                                             │                                                                                               │                                                                   │    │
       │    │    │                                             │ Test (x == 0,false)                                                                           │                                                                   │    │
       │    │    │                                             ▼                                                                                               │                                                                   │    │
       │    │    │                                           ┌────────────────────────────────────────┐                                                        │                                                                   │    │
       │    │    │                                           │                  142                   │ ─┐                                                     │                                                                   │    │
       │    │    │                                           └────────────────────────────────────────┘  │                                                     │                                                                   │    │
       │    │    │                                             │                                         │                                                     │                                                                   │    │
       │    │    │                                             │ Test (x == 2,false)                     │                                                     │                                                                   │    │
       │    │    │                                             ▼                                         │                                                     │                                                                   │    │
       │    │    │                                           ┌────────────────────────────────────────┐  │                                                     │                                                                   │    │
       │    │    │                                           │                  146                   │  │                                                     │                                                                   │    │
       │    │    │                                           └────────────────────────────────────────┘  │                                                     │                                                                   │    │
       │    │    │                                             │                                         │                                                     │                                                                   │    │
       │    │    │                                             │ Test (x != 0,true)                      │                                                     │                                                                   │    │
       │    │    │                                             ▼                                         │                                                     │                                                                   │    │
       │    │    │                                           ┌────────────────────────────────────────┐  │                                                     │                                                                   │    │
       │    │    │                                           │                  147                   │  │                                                     │                                                                   │    │
       │    │    │                                           └────────────────────────────────────────┘  │                                                     │                                                                   │    │
       │    │    │                                             │                                         │                                                     │                                                                   │    │
       │    │    │                                             │ Test (x != 2,true)                      │ Test (x == 2,true)                                  │                                                                   │    │
       │    │    │                                             ▼                                         │                                                     │                                                                   │    │
       │    │    │                                           ┌────────────────────────────────────────┐  │                                                     │                                                                   │    │
       │    │    │                                           │                  155                   │  │                                                     │                                                                   │    │
       │    │    │                                           └────────────────────────────────────────┘  │                                                     │                                                                   │    │
       │    │    │                                             │                                         │                                                     │                                                                   │    │
       │    │    │                                             │ Assign 'tmp___0 = 1'                    │                                                     │                                                                   │    │
       │    │    │                                             ▼                                         │                                                     │                                                                   │    │
       │    │    │                                           ┌────────────────────────────────────────┐  │                                                     │                                                                   │    │
       │    │    └────────────────────────────────────────── │                  151                   │  │                                                     │                                                                   │    │
       │    │                                                └────────────────────────────────────────┘  │                                                     │                                                                   │    │
       │    │                                                  │                                         │                                                     │                                                                   │    │
  ┌────┼────┼──────────────────────────────────────────────────┘                                         │                                                     │                                                                   │    │
  │    │    │                                                                                            │                                                     │                                                                   │    │
  │    │    │                                                ┌────────────────────────────────────────┐  │                                                     │                                                                   │    │
  │    │    └─────────────────────────────────────────────── │                  137                   │ ◀┘                                                     │                                                                   │    │
  │    │                                                     └────────────────────────────────────────┘                                                        │                                                                   │    │
  │    │                                                       │                                                                                               │                                                                   │    │
  │    │                                                       │ InlineEntry '(x == 2)'                                                                        │                                                                   │    │
  │    │                                                       ▼                                                                                               │                                                                   │    │
  │    │                                                     ┌────────────────────────────────────────┐  InlineEntry '(x == 0)'                                │                                                                   │    │
  │    │                                                     │                  135                   │ ◀──────────────────────────────────────────────────────┼───────────────────────────────────────────────────────────────────┼────┘
  │    │                                                     └────────────────────────────────────────┘                                                        │                                                                   │
  │    │                                                       │                                                                                               │                                                                   │
  │    │                                                       │ Entry __VERIFIER_assert                                                                       │                                                                   │
  │    │                                                       ▼                                                                                               │                                                                   │
  │    │                                                     ┌────────────────────────────────────────┐                                                        │                                                                   │
  │    │                                                     │                  136                   │                                                        │                                                                   │
  │    │                                                     └────────────────────────────────────────┘                                                        │                                                                   │
  │    │                                                       │                                                                                               │                                                                   │
  │    │                                                       │ Test (! cond,false)                                                                           │                                                                   │
  │    │                                                       ▼                                                                                               │                                                                   │
  │    │                                                     ┌────────────────────────────────────────┐                                                        │                                                                   │
  │    │                                                     │                  148                   │                                                        │                                                                   │
  │    │                                                     └────────────────────────────────────────┘                                                        │                                                                   │
  │    │                                                       │                                                                                               │                                                                   │
  │    │                                                       │ Ret (None, __VERIFIER_assert)                                                                 │                                                                   │
  │    │                                                       ▼                                                                                               │                                                                   │
  │    │                                                     ┌────────────────────────────────────────┐                                                        │                                                                   │
  │    └──────────────────────────────────────────────────── │                  154                   │ ───────────────────────────────────────────────────────┘                                                                   │
  │                                                          └────────────────────────────────────────┘                                                                                                                            │
  │             InlineEntry '(tmp___0)'                      ┌────────────────────────────────────────┐                                                                                                                            │
  └────────────────────────────────────────────────────────▶ │                  152                   │                                                                                                                            │
                                                             └────────────────────────────────────────┘                                                                                                                            │
                                                               │                                                                                                                                                                   │
                                                               │ Entry __VERIFIER_assert                                                                                                                                           │
                                                               ▼                                                                                                                                                                   │
                                                             ┌────────────────────────────────────────┐                                                                                                                            │
                                                             │                  144                   │                                                                                                                            │
                                                             └────────────────────────────────────────┘                                                                                                                            │
                                                               │                                                                                                                                                                   │
                                                               │ Test (! cond,false)                                                                                                                                               │
                                                               ▼                                                                                                                                                                   │
                                                             ┌────────────────────────────────────────┐                                                                                                                            │
                                                             │                  145                   │                                                                                                                            │
                                                             └────────────────────────────────────────┘                                                                                                                            │
                                                               │                                                                                                                                                                   │
                                                               │ Ret (None, __VERIFIER_assert)                                                                                                                                     │
                                                               ▼                                                                                                                                                                   │
                                                             ┌────────────────────────────────────────┐                                                                                                                            │
                                                             │                  153                   │ ───────────────────────────────────────────────────────────────────────────────────────────────────────────────────────────┘
                                                             └────────────────────────────────────────┘
