
                                                                                                 ┌───────────────────────────────────────────────────────────────────────────────────────┐
                                                                                                 │                                                                                       │
                                                                                                 │                                                                                       │
  ┌──────────────────────────────────────────────────────────────────────────────────────────────┼───────────────────────────────────────────────────────────────────────────────────────┼──────────────────────────────────────────────────────────────────────────────────────────────────┐
  │                                                                                              │                                                                                       │                                                                                                  │
  │                                                                                              │                                           ┌────────────────────────────────────────┐  │                                                                                                  │
  │                                                                                              │                                           │            fun302main(9)[7]            │  │                                                                                                  │
  │                                                                                              │                                           └────────────────────────────────────────┘  │                                                                                                  │
  │                                                                                              │                                             │                                         │                                                                                                  │
  │                               ┌──────────────────────────────────────────────────────────────┘                                             │ Entry main                              │ Inlined Proc '__VERIFIER_assert(x == 0)'                                                         │
  │                               │                                                                                                            ▼                                         ▼                                                                                                  │
  │                               │                                                             InlineReturn                                 ┌──────────────────────────────────────────────────────────────────────────────────────────────┐  Inlined Proc '__VERIFIER_assert(x == 2)'   ┌─────────────────────┐
  │                          ┌────┼────────────────────────────────────────────────────────────────────────────────────────────────────────▶ │                                                                                              │ ◀────────────────────────────────────────── │     s17(9)[54]      │
  │                          │    │                                                                                                          │                                                                                              │                                             └─────────────────────┘
  │                          │    │                                                             InlineReturn                                 │                                                                                              │                                               ▲
  │                          │    │                                  ┌─────────────────────────────────────────────────────────────────────▶ │                                          s7(9)[25]                                           │                                               │ Test (x == 2,true)
  │                          │    │                                  │                                                                       │                                                                                              │                                               │
  │                          │    │                                  │                                                                       │                                                                                              │                                               │
  │                          │    │                                  │                           ┌─────────────────────────────────────────▶ │                                                                                              │ ◀┐                                            │
  │                          │    │                                  │                           │                                           └──────────────────────────────────────────────────────────────────────────────────────────────┘  │                                            │
  │                          │    │                                  │                           │                                             │                                                                                               │                                            │
  │                          │    │                                  │                           │                                             │ Test (1,true)                                                                                 │ InlineReturn                               │
  │                          │    │                                  │                           │                                             ▼                                                                                               │                                            │
  │                          │    │                                  │                           │                                           ┌────────────────────────────────────────┐                                                        │                                            │
  │                          │    │                                  │                           │                                           │               s10(9)[25]               │ ─┐                                                ┌────┼────────────────────────────────────────────┘
  │                          │    │                                  │                           │                                           └────────────────────────────────────────┘  │                                                │    │
  │                          │    │                                  │                           │                                             │                                         │                                                │    │
  │                          │    │                                  │                           │                                             │ InlineEntry '()'                        │                                                │    │
  │                          │    │                                  │                           │                                             ▼                                         │                                                │    │
  │                          │    │                                  │                           │                                           ┌────────────────────────────────────────┐  │                                                │    │
  │                          │    │                                  │                           │                                           │  fun298__VERIFIER_nondet_int(87)[84]   │  │                                                │    │
  │                          │    │                                  │                           │                                           └────────────────────────────────────────┘  │                                                │    │
  │ InlineEntry '(x == 2)'   │    │                                  │                           │                                             │                                         │                                                │    │
  │                          │    │                                  │                           │                                             │ Entry __VERIFIER_nondet_int             │                                                │    │
  │                          │    │                                  │                           │                                             ▼                                         │                                                │    │
  │                          │    │                                  │                           │                                           ┌────────────────────────────────────────┐  │                                                │    │
  │                          │    │                                  │                           │ Inlined Proc '__VERIFIER_assert(tmp___0)' │              s37(87)[89]               │  │ Inlined Proc 'tmp = __VERIFIER_nondet_int()'   │    │
  │                          │    │                                  │                           │                                           └────────────────────────────────────────┘  │                                                │    │
  │                          │    │                                  │                           │                                             │                                         │                                                │    │
  │                          │    │                                  │                           │                                             │ Ret (Some val, __VERIFIER_nondet_int)   │                                                │    │
  │                          │    │                                  │                           │                                             ▼                                         │                                                │    │
  │                          │    │                                  │                           │                                           ┌────────────────────────────────────────┐  │                                                │    │
  │                          │    │                                  │                           │                                           │  ret298__VERIFIER_nondet_int(87)[92]   │  │                                                │    │
  │                          │    │                                  │                           │                                           └────────────────────────────────────────┘  │                                                │    │
  │                          │    │                                  │                           │                                             │                                         │                                                │    │
  │                          │    │                                  │                           │                                             │ InlineReturn 'tmp'                      │                                                │    │
  │                          │    │                                  │                           │                                             ▼                                         │                                                │    │
  │                          │    │                                  │                           │                                           ┌────────────────────────────────────────┐  │                                                │    │
  │                          │    │                                  │                           │                                           │               s11(9)[25]               │ ◀┘                                                │    │
  │                          │    │                                  │                           │                                           └────────────────────────────────────────┘                                                   │    │
  │                          │    │                                  │                           │                                             │                                                                                          │    │
  │                          │    │                                  │                           │                                             │ Assign 'x = tmp'                                                                         │    │
  │                          │    │                                  │                           │                                             ▼                                                                                          │    │
  │                          │  ┌─────────────────────────────────┐  │   Test (x == 0,true)      │                                           ┌────────────────────────────────────────┐                                                   │    │
  │                          │  │           s14(9)[69]            │ ◀┼───────────────────────────┼────────────────────────────────────────── │               s12(9)[28]               │                                                   │    │
  │                          │  └─────────────────────────────────┘  │                           │                                           └────────────────────────────────────────┘                                                   │    │
  │                          │    │                                  │                           │                                             │                                                                                          │    │
  │                          │    │ InlineEntry '(x == 0)'           │                           │                                             │ Test (x == 0,false)                                                                      │    │
  │                          │    ▼                                  │                           │                                             ▼                                                                                          │    │
  │                          │  ┌─────────────────────────────────┐  │                           │                                           ┌────────────────────────────────────────┐                                                   │    │
  └──────────────────────────┼▶ │ fun299__VERIFIER_assert(60)[57] │  │                           │                                           │               s15(9)[31]               │ ──────────────────────────────────────────────────┘    │
                             │  └─────────────────────────────────┘  │                           │                                           └────────────────────────────────────────┘                                                        │
                             │    │                                  │                           │                                             │                                                                                               │
                             │    │ Entry __VERIFIER_assert          │                           │                                             │ Test (x == 2,false)                                                                           │
                             │    ▼                                  │                           │                                             ▼                                                                                               │
                             │  ┌─────────────────────────────────┐  │                           │                                           ┌────────────────────────────────────────┐                                                        │
                             │  │           s0(60)[57]            │  │                           │                                           │               s18(9)[34]               │                                                        │
                             │  └─────────────────────────────────┘  │                           │                                           └────────────────────────────────────────┘                                                        │
                             │    │                                  │                           │                                             │                                                                                               │
                             │    │ Test (! cond,false)              │                           │                                             │ Test (x != 0,true)                                                                            │
                             │    ▼                                  │                           │                                             ▼                                                                                               │
                             │  ┌─────────────────────────────────┐  │                           │                                           ┌────────────────────────────────────────┐                                                        │
                             │  │           s3(60)[57]            │  │                           │                                           │               s19(9)[34]               │                                                        │
                             │  └─────────────────────────────────┘  │                           │                                           └────────────────────────────────────────┘                                                        │
                             │    │                                  │                           │                                             │                                                                                               │
                             │    │ Ret (None, __VERIFIER_assert)    │                           │                                             │ Test (x != 2,true)                                                                            │
                             │    ▼                                  │                           │                                             ▼                                                                                               │
                             │  ┌─────────────────────────────────┐  │                           │                                           ┌────────────────────────────────────────┐                                                        │
                             └─ │ ret299__VERIFIER_assert(60)[64] │ ─┘                           │                                           │               s21(9)[34]               │                                                        │
                                └─────────────────────────────────┘                              │                                           └────────────────────────────────────────┘                                                        │
                                                                                                 │                                             │                                                                                               │
                                                                                                 │                                             │ Assign 'tmp___0 = 1'                                                                          │
                                                                                                 │                                             ▼                                                                                               │
                                                                                                 │                                           ┌────────────────────────────────────────┐                                                        │
                                                                                                 └────────────────────────────────────────── │               s26(9)[39]               │                                                        │
                                                                                                                                             └────────────────────────────────────────┘                                                        │
                                                                                                                                               │                                                                                               │
                                                                                                                                               │ InlineEntry '(tmp___0)'                                                                       │
                                                                                                                                               ▼                                                                                               │
                                                                                                                                             ┌────────────────────────────────────────┐                                                        │
                                                                                                                                             │    fun299__VERIFIER_assert(45)[42]     │                                                        │
                                                                                                                                             └────────────────────────────────────────┘                                                        │
                                                                                                                                               │                                                                                               │
                                                                                                                                               │ Entry __VERIFIER_assert                                                                       │
                                                                                                                                               ▼                                                                                               │
                                                                                                                                             ┌────────────────────────────────────────┐                                                        │
                                                                                                                                             │               s0(45)[42]               │                                                        │
                                                                                                                                             └────────────────────────────────────────┘                                                        │
                                                                                                                                               │                                                                                               │
                                                                                                                                               │ Test (! cond,false)                                                                           │
                                                                                                                                               ▼                                                                                               │
                                                                                                                                             ┌────────────────────────────────────────┐                                                        │
                                                                                                                                             │               s3(45)[42]               │                                                        │
                                                                                                                                             └────────────────────────────────────────┘                                                        │
                                                                                                                                               │                                                                                               │
                                                                                                                                               │ Ret (None, __VERIFIER_assert)                                                                 │
                                                                                                                                               ▼                                                                                               │
                                                                                                                                             ┌────────────────────────────────────────┐                                                        │
                                                                                                                                             │    ret299__VERIFIER_assert(45)[49]     │ ───────────────────────────────────────────────────────┘
                                                                                                                                             └────────────────────────────────────────┘
