
                                                               ┌─────────────────────────────────────────────────────────────────────────────────────────────────────────────────────────────────────────────────┐
                                                               │                                                                                                                                                 │
                                                               │                                                                                                                                                 │
                                                               │    ┌───────────────────────────────────────────────────────────────────────────────────────────┐                                                │
                                                               │    │                                                                                           │                                                │
                                                               │    │                                               ┌────────────────────────────────────────┐  │                                                │
                                                               │    │                                               │                   0                    │  │                                                │
                                                               │    │                                               └────────────────────────────────────────┘  │                                                │
                                                               │    │                                                 │                                         │                                                │
                                                               │    │                                                 │ Entry main                              │ Inlined Proc '__VERIFIER_assert(x != 0)'       │ InlineReturn
                                                               │    │                                                 ▼                                         ▼                                                ▼
                                                               │    │                                               ┌──────────────────────────────────────────────────────────────────────────────────────────────────────────┐
                                                               │    │    ┌────────────────────────────────────────▶ │                                                    1                                                     │ ◀┐
                                                               │    │    │                                          └──────────────────────────────────────────────────────────────────────────────────────────────────────────┘  │
                                                               │    │    │                                            │                                                                                                           │
                                                               │    │    │                                            │ Test (1,true)                                                                                             │
                                                               │    │    │                                            ▼                                                                                                           │
                                                               │    │    │                                          ┌────────────────────────────────────────┐                                                                    │
                                                               │    │    │                                          │                   6                    │ ─┐                                                                 │
                                                               │    │    │                                          └────────────────────────────────────────┘  │                                                                 │
                                                               │    │    │                                            │                                         │                                                                 │
                                                               │    │    │                                            │ InlineEntry '()'                        │                                                                 │
                                                               │    │    │                                            ▼                                         │                                                                 │
                                                               │    │    │                                          ┌────────────────────────────────────────┐  │                                                                 │
                                                               │    │    │                                          │                   7                    │  │                                                                 │
                                                               │    │    │                                          └────────────────────────────────────────┘  │                                                                 │
                                                               │    │    │                                            │                                         │                                                                 │
                                                               │    │    │                                            │ Entry __VERIFIER_nondet_int             │                                                                 │
                                                               │    │    │                                            ▼                                         │                                                                 │
                                                               │    │    │                                          ┌────────────────────────────────────────┐  │                                                                 │
                                                               │    │    │                                          │                   2                    │  │ Inlined Proc 'tmp = __VERIFIER_nondet_int()'                    │
                                                               │    │    │                                          └────────────────────────────────────────┘  │                                                                 │
                                                               │    │    │                                            │                                         │                                                                 │
                                                               │    │    │ Inlined Proc '__VERIFIER_assert(x == 0)'   │ Ret (Some val, __VERIFIER_nondet_int)   │                                                                 │
                                                               │    │    │                                            ▼                                         │                                                                 │
                                                               │    │    │                                          ┌────────────────────────────────────────┐  │                                                                 │
                                                               │    │    │                                          │                   3                    │  │                                                                 │
                                                               │    │    │                                          └────────────────────────────────────────┘  │                                                                 │
                                                               │    │    │                                            │                                         │                                                                 │
                                                               │    │    │                                            │ InlineReturn 'tmp'                      │                                                                 │
                                                               │    │    │                                            ▼                                         │                                                                 │
                                                               │    │    │                                          ┌────────────────────────────────────────┐  │                                                                 │
                                                               │    │    │                                          │                   8                    │ ◀┘                                                                 │
                                                               │    │    │                                          └────────────────────────────────────────┘                                                                    │
                                                               │    │    │                                            │                                                                                                           │
                                                               │    │    │                                            │ Assign 'x = tmp'                                                                                          │
                                                               │    │    │                                            ▼                                                                                                           │
                                                               │    │    │                                          ┌────────────────────────────────────────┐                                                                    │
                                                               │    │    │                                          │                   9                    │ ─┐                                                                 │ InlineReturn
                                                               │    │    │                                          └────────────────────────────────────────┘  │                                                                 │
                                                               │    │    │                                            │                                         │                                                                 │
                                                               │    │    │                                            │ Test (x == 0,true)                      │                                                                 │
                                                               │    │    │                                            ▼                                         │                                                                 │
                           ┌────────────────────────────────┐  │    │    │                                          ┌────────────────────────────────────────┐  │                                                                 │
  ┌──────────────────────▶ │               15               │  │    │    └───────────────────────────────────────── │                   11                   │ ─┼────────────────────────────────────────────────┐                │
  │                        └────────────────────────────────┘  │    │                                               └────────────────────────────────────────┘  │                                                │                │
  │                          │                                 │    │                                                                                           │                                                │                │
  │                          │ Entry __VERIFIER_assert         │    │                                                                                           │ Test (x == 0,false)                            │                │
  │                          ▼                                 │    │                                                                                           │                                                │                │
  │                        ┌────────────────────────────────┐  │    │                                               ┌────────────────────────────────────────┐  │                                                │                │
  │                        │               13               │  │    └────────────────────────────────────────────── │                   10                   │ ◀┘                                                │                │
  │                        └────────────────────────────────┘  │                                                    └────────────────────────────────────────┘                                                   │                │
  │                          │                                 │                                                      │                                                                                          │                │
  │                          │ Test (! cond,false)             │                                                      │ InlineEntry '(x != 0)'                                                                   │                │
  │                          ▼                                 │                                                      ▼                                                                                          │                │
  │                        ┌────────────────────────────────┐  │                                                    ┌────────────────────────────────────────┐                                                   │                │
  │                        │               14               │  │                                                    │                   12                   │                                                   │                │
  │                        └────────────────────────────────┘  │                                                    └────────────────────────────────────────┘                                                   │                │
  │                          │                                 │                                                      │                                                                                          │                │
  │                          │ Ret (None, __VERIFIER_assert)   │                                                      │ Entry __VERIFIER_assert                                                                  │                │
  │                          ▼                                 │                                                      ▼                                                                                          │                │
  │ InlineEntry '(x == 0)' ┌────────────────────────────────┐  │                                                    ┌────────────────────────────────────────┐                                                   │                │
  │                        │               16               │ ─┘                                                    │                   4                    │                                                   │                │
  │                        └────────────────────────────────┘                                                       └────────────────────────────────────────┘                                                   │                │
  │                                                                                                                   │                                                                                          │                │
  │                                                                                                                   │ Test (! cond,false)                                                                      │                │
  │                                                                                                                   ▼                                                                                          │                │
  │                                                                                                                 ┌────────────────────────────────────────┐                                                   │                │
  │                                                                                                                 │                   5                    │                                                   │                │
  │                                                                                                                 └────────────────────────────────────────┘                                                   │                │
  │                                                                                                                   │                                                                                          │                │
  │                                                                                                                   │ Ret (None, __VERIFIER_assert)                                                            │                │
  │                                                                                                                   ▼                                                                                          │                │
  │                                                                                                                 ┌────────────────────────────────────────┐                                                   │                │
  │                                                                                                                 │                   17                   │ ──────────────────────────────────────────────────┼────────────────┘
  │                                                                                                                 └────────────────────────────────────────┘                                                   │
  │                                                                                                                                                                                                              │
  └──────────────────────────────────────────────────────────────────────────────────────────────────────────────────────────────────────────────────────────────────────────────────────────────────────────────┘
