                                                             ┌────────────────────────────────────────┐
                                                             │                   0                    │
                                                             └────────────────────────────────────────┘
                                                               │                                                                                              InlineReturn
                                                               │ Entry main                                                                               ┌────────────────────────────────────────────────────────────────────────┐
                                                               ▼                                                                                          ▼                                                                        │
                InlineReturn                                 ┌──────────────────────────────────────────────────────────────────────────────────────────────┐  Inlined Proc '__VERIFIER_assert(x == 2)'   ┌─────────────────────┐  │
       ┌───────────────────────────────────────────────────▶ │                                                                                              │ ◀────────────────────────────────────────── │          4          │ ─┼────┐
       │                                                     │                                                                                              │                                             └─────────────────────┘  │    │
       │        Inlined Proc '__VERIFIER_assert(x == 0)'     │                                                                                              │                                               ▲                      │    │
       │    ┌──────────────────────────────────────────────▶ │                                              1                                               │                                               │ Test (x == 2,true)   │    │
       │    │                                                │                                                                                              │                                               │                      │    │
       │    │                                                │                                                                                              │                                               │                      │    │
       │    │    ┌─────────────────────────────────────────▶ │                                                                                              │ ◀┐                                            │                      │    │
       │    │    │                                           └──────────────────────────────────────────────────────────────────────────────────────────────┘  │                                            │                      │    │
       │    │    │                                             │                                                                                               │                                            │                      │    │
       │    │    │                                             │ Test (1,true)                                                                                 │ InlineReturn                               │                      │    │
       │    │    │                                             ▼                                                                                               │                                            │                      │    │
       │    │    │                                           ┌────────────────────────────────────────┐                                                        │                                            │                      │    │
       │    │    │                                           │                   5                    │ ─┐                                                ┌────┼────────────────────────────────────────────┘                      │    │
       │    │    │                                           └────────────────────────────────────────┘  │                                                │    │                                                                   │    │
       │    │    │                                             │                                         │                                                │    │                                                                   │    │
       │    │    │                                             │ InlineEntry '()'                        │                                                │    │                                                                   │    │
       │    │    │                                             ▼                                         │                                                │    │                                                                   │    │
       │    │    │                                           ┌────────────────────────────────────────┐  │                                                │    │                                                                   │    │
       │    │    │                                           │                   6                    │  │                                                │    │                                                                   │    │
       │    │    │                                           └────────────────────────────────────────┘  │                                                │    │                                                                   │    │
       │    │    │                                             │                                         │                                                │    │                                                                   │    │
       │    │    │                                             │ Entry __VERIFIER_nondet_int             │                                                │    │                                                                   │    │
       │    │    │                                             ▼                                         │                                                │    │                                                                   │    │
       │    │    │                                           ┌────────────────────────────────────────┐  │                                                │    │                                                                   │    │
       │    │    │                                           │                   16                   │  │ Inlined Proc 'tmp = __VERIFIER_nondet_int()'   │    │                                                                   │    │
       │    │    │                                           └────────────────────────────────────────┘  │                                                │    │                                                                   │    │
       │    │    │                                             │                                         │                                                │    │                                                                   │    │
       │    │    │                                             │ Ret (Some val, __VERIFIER_nondet_int)   │                                                │    │                                                                   │    │
       │    │    │                                             ▼                                         │                                                │    │                                                                   │    │
       │    │    │                                           ┌────────────────────────────────────────┐  │                                                │    │                                                                   │    │
       │    │    │                                           │                   17                   │  │                                                │    │                                                                   │    │
       │    │    │                                           └────────────────────────────────────────┘  │                                                │    │                                                                   │    │
       │    │    │                                             │                                         │                                                │    │                                                                   │    │
       │    │    │                                             │ InlineReturn 'tmp'                      │                                                │    │                                                                   │    │
       │    │    │                                             ▼                                         │                                                │    │                                                                   │    │
       │    │    │                                           ┌────────────────────────────────────────┐  │                                                │    │                                                                   │    │
       │    │    │                                           │                   7                    │ ◀┘                                                │    │                                                                   │    │
       │    │    │                                           └────────────────────────────────────────┘                                                   │    │                                                                   │    │
       │    │    │                                             │                                                                                          │    │                                                                   │    │
       │    │    │ Inlined Proc '__VERIFIER_assert(tmp___0)'   │ Assign 'x = tmp'                                                                         │    │                                                                   │    │
       │    │    │                                             ▼                                                                                          │    │                                                                   │    │
       │    │    │                                           ┌────────────────────────────────────────┐                                                   │    │                                                                   │    │
       │    │    │                                           │                   8                    │ ─┐                                                │    │                                                                   │    │
       │    │    │                                           └────────────────────────────────────────┘  │                                                │    │                                                                   │    │
       │    │    │                                             │                                         │                                                │    │                                                                   │    │
       │    │    │                                             │ Test (x == 0,false)                     │                                                │    │                                                                   │    │
       │    │    │                                             ▼                                         │                                                │    │                                                                   │    │
       │    │    │                                           ┌────────────────────────────────────────┐  │                                                │    │                                                                   │    │
       │    │    │                                           │                   9                    │ ─┼────────────────────────────────────────────────┘    │                                                                   │    │
       │    │    │                                           └────────────────────────────────────────┘  │                                                     │                                                                   │    │
       │    │    │                                             │                                         │                                                     │                                                                   │    │
       │    │    │                                             │ Test (x == 2,false)                     │                                                     │                                                                   │    │
       │    │    │                                             ▼                                         │                                                     │                                                                   │    │
       │    │    │                                           ┌────────────────────────────────────────┐  │                                                     │                                                                   │    │
       │    │    │                                           │                   13                   │  │                                                     │                                                                   │    │
       │    │    │                                           └────────────────────────────────────────┘  │                                                     │                                                                   │    │
       │    │    │                                             │                                         │                                                     │                                                                   │    │
       │    │    │                                             │ Test (x != 0,true)                      │                                                     │                                                                   │    │
       │    │    │                                             ▼                                         │                                                     │                                                                   │    │
       │    │    │                                           ┌────────────────────────────────────────┐  │                                                     │                                                                   │    │
       │    │    │                                           │                   14                   │  │                                                     │                                                                   │    │
       │    │    │                                           └────────────────────────────────────────┘  │                                                     │                                                                   │    │
       │    │    │                                             │                                         │                                                     │                                                                   │    │
       │    │    │                                             │ Test (x != 2,true)                      │ Test (x == 0,true)                                  │                                                                   │    │
       │    │    │                                             ▼                                         │                                                     │                                                                   │    │
       │    │    │                                           ┌────────────────────────────────────────┐  │                                                     │                                                                   │    │
       │    │    │                                           │                   22                   │  │                                                     │                                                                   │    │
       │    │    │                                           └────────────────────────────────────────┘  │                                                     │                                                                   │    │
       │    │    │                                             │                                         │                                                     │                                                                   │    │
       │    │    │                                             │ Assign 'tmp___0 = 1'                    │                                                     │                                                                   │    │
       │    │    │                                             ▼                                         │                                                     │                                                                   │    │
       │    │    │                                           ┌────────────────────────────────────────┐  │                                                     │                                                                   │    │
       │    │    └────────────────────────────────────────── │                   18                   │  │                                                     │                                                                   │    │
       │    │                                                └────────────────────────────────────────┘  │                                                     │                                                                   │    │
       │    │                                                  │                                         │                                                     │                                                                   │    │
  ┌────┼────┼──────────────────────────────────────────────────┘                                         │                                                     │                                                                   │    │
  │    │    │                                                                                            │                                                     │                                                                   │    │
  │    │    │                                                ┌────────────────────────────────────────┐  │                                                     │                                                                   │    │
  │    │    └─────────────────────────────────────────────── │                   10                   │ ◀┘                                                     │                                                                   │    │
  │    │                                                     └────────────────────────────────────────┘                                                        │                                                                   │    │
  │    │                                                       │                                                                                               │                                                                   │    │
  │    │                                                       │ InlineEntry '(x == 0)'                                                                        │                                                                   │    │
  │    │                                                       ▼                                                                                               │                                                                   │    │
  │    │                                                     ┌────────────────────────────────────────┐  InlineEntry '(x == 2)'                                │                                                                   │    │
  │    │                                                     │                   2                    │ ◀──────────────────────────────────────────────────────┼───────────────────────────────────────────────────────────────────┼────┘
  │    │                                                     └────────────────────────────────────────┘                                                        │                                                                   │
  │    │                                                       │                                                                                               │                                                                   │
  │    │                                                       │ Entry __VERIFIER_assert                                                                       │                                                                   │
  │    │                                                       ▼                                                                                               │                                                                   │
  │    │                                                     ┌────────────────────────────────────────┐                                                        │                                                                   │
  │    │                                                     │                   3                    │                                                        │                                                                   │
  │    │                                                     └────────────────────────────────────────┘                                                        │                                                                   │
  │    │                                                       │                                                                                               │                                                                   │
  │    │                                                       │ Test (! cond,false)                                                                           │                                                                   │
  │    │                                                       ▼                                                                                               │                                                                   │
  │    │                                                     ┌────────────────────────────────────────┐                                                        │                                                                   │
  │    │                                                     │                   15                   │                                                        │                                                                   │
  │    │                                                     └────────────────────────────────────────┘                                                        │                                                                   │
  │    │                                                       │                                                                                               │                                                                   │
  │    │                                                       │ Ret (None, __VERIFIER_assert)                                                                 │                                                                   │
  │    │                                                       ▼                                                                                               │                                                                   │
  │    │                                                     ┌────────────────────────────────────────┐                                                        │                                                                   │
  │    └──────────────────────────────────────────────────── │                   21                   │ ───────────────────────────────────────────────────────┘                                                                   │
  │                                                          └────────────────────────────────────────┘                                                                                                                            │
  │             InlineEntry '(tmp___0)'                      ┌────────────────────────────────────────┐                                                                                                                            │
  └────────────────────────────────────────────────────────▶ │                   19                   │                                                                                                                            │
                                                             └────────────────────────────────────────┘                                                                                                                            │
                                                               │                                                                                                                                                                   │
                                                               │ Entry __VERIFIER_assert                                                                                                                                           │
                                                               ▼                                                                                                                                                                   │
                                                             ┌────────────────────────────────────────┐                                                                                                                            │
                                                             │                   11                   │                                                                                                                            │
                                                             └────────────────────────────────────────┘                                                                                                                            │
                                                               │                                                                                                                                                                   │
                                                               │ Test (! cond,false)                                                                                                                                               │
                                                               ▼                                                                                                                                                                   │
                                                             ┌────────────────────────────────────────┐                                                                                                                            │
                                                             │                   12                   │                                                                                                                            │
                                                             └────────────────────────────────────────┘                                                                                                                            │
                                                               │                                                                                                                                                                   │
                                                               │ Ret (None, __VERIFIER_assert)                                                                                                                                     │
                                                               ▼                                                                                                                                                                   │
                                                             ┌────────────────────────────────────────┐                                                                                                                            │
                                                             │                   20                   │ ───────────────────────────────────────────────────────────────────────────────────────────────────────────────────────────┘
                                                             └────────────────────────────────────────┘
