                            ┌────────────────────────────────────────┐
                            │                   0                    │
                            └────────────────────────────────────────┘
                              │
                              │ Entry main
                              ▼
                            ┌────────────────────────────────────────┐
                            │                   1                    │ ─┐
                            └────────────────────────────────────────┘  │
                              │                                         │
                              │ InlineEntry '()'                        │
                              ▼                                         │
                            ┌────────────────────────────────────────┐  │
                            │                   2                    │  │
                            └────────────────────────────────────────┘  │
                              │                                         │
                              │ Entry __VERIFIER_nondet_int             │
                              ▼                                         │
                            ┌────────────────────────────────────────┐  │
                            │                   3                    │  │ Inlined Proc 'tmp = __VERIFIER_nondet_int()'
                            └────────────────────────────────────────┘  │
                              │                                         │
                              │ Ret (Some val, __VERIFIER_nondet_int)   │
                              ▼                                         │
                            ┌────────────────────────────────────────┐  │
                            │                   9                    │  │
                            └────────────────────────────────────────┘  │
                              │                                         │
                              │ InlineReturn 'tmp'                      │
                              ▼                                         │
                            ┌────────────────────────────────────────┐  │
                            │                   4                    │ ◀┘
                            └────────────────────────────────────────┘
                              │
                              │ Assign 'x = tmp'
                              ▼
                            ┌────────────────────────────────────────┐
                            │                   5                    │ ─┐
                            └────────────────────────────────────────┘  │
                              │                                         │
                              │ Test (x > 0,true)                       │
                              ▼                                         │
                            ┌────────────────────────────────────────┐  │
       ┌─────────────────── │                   6                    │  │
       │                    └────────────────────────────────────────┘  │
       │                      │                                         │
       │                      │ Test (x < 3,true)                       │
       │                      ▼                                         │
       │                    ┌────────────────────────────────────────┐  │
       │                    │                   8                    │ ─┼────────────────────────────────────────────────┐
       │                    └────────────────────────────────────────┘  │                                                │
       │                      │                                         │                                                │
       │                      │ Test (x == 1,true)                      │                                                │
       │                      ▼                                         │                                                │
       │                    ┌────────────────────────────────────────┐  │                                                │
  ┌────┼─────────────────── │                   14                   │  │                                                │
  │    │                    └────────────────────────────────────────┘  │                                                │
  │    │                      │                                         │                                                │
  │    │                      │ InlineEntry '(x == 1)'                  │                                                │
  │    │                      ▼                                         │                                                │
  │    │                    ┌────────────────────────────────────────┐  │                                                │
  │    │                    │                   15                   │  │                                                │
  │    │                    └────────────────────────────────────────┘  │                                                │
  │    │                      │                                         │                                                │
  │    │                      │ Entry __VERIFIER_assert                 │                                                │
  │    │                      ▼                                         │                                                │
  │    │                    ┌────────────────────────────────────────┐  │                                                │
  │    │                    │                   11                   │  │                                                │
  │    │                    └────────────────────────────────────────┘  │                                                │
  │    │                      │                                         │                                                │
  │    │ Test (x < 3,false)   │ Test (! cond,false)                     │                                                │
  │    │                      ▼                                         │                                                │
  │    │                    ┌────────────────────────────────────────┐  │                                                │
  │    │                    │                   12                   │  │                                                │
  │    │                    └────────────────────────────────────────┘  │                                                │
  │    │                      │                                         │                                                │
  │    │                      │ Ret (None, __VERIFIER_assert)           │                                                │
  │    │                      ▼                                         │                                                │
  │    │                    ┌────────────────────────────────────────┐  │                                                │
  │    │                    │                   13                   │  │                                                │
  │    │                    └────────────────────────────────────────┘  │                                                │
  │    │                      │                                         │                                                │
  │    │                      │ InlineReturn                            │ Test (x > 0,false)                             │ Test (x == 1,false)
  │    │                      ▼                                         ▼                                                ▼
  │    │                    ┌─────────────────────────────────────────────────────────────────────────────────────────────────────────────────┐
  │    └──────────────────▶ │                                                        7                                                        │
  │                         └─────────────────────────────────────────────────────────────────────────────────────────────────────────────────┘
  │                           │                                         ▲
  │                           │ Ret (Some 0, main)                      │ Inlined Proc '__VERIFIER_assert(x == 1)'
  │                           ▼                                         │
  │                         ┌────────────────────────────────────────┐  │
  │                         │                   10                   │  │
  │                         └────────────────────────────────────────┘  │
  │                                                                     │
  └─────────────────────────────────────────────────────────────────────┘
