                             ┌──────────────────────────────────┐
                             │                _                 │
                             └──────────────────────────────────┘
                               │
                               │ Entry main
                               ▼
                             ┌──────────────────────────────────┐
                             │                _                 │
                             └──────────────────────────────────┘
                               │
                               │ Proc '__goblint_split_begin(a)'
                               ▼
┌───┐  Test (a && b,false)   ┌──────────────────────────────────┐  Test (a && b,false)   ┌───┐
│ _ │ ◀───────────────────── │                _                 │ ─────────────────────▶ │ _ │
└───┘                        └──────────────────────────────────┘                        └───┘
  │                            │                                                           │
  │                            │ Test (a && b,true)                                        │
  │                            ▼                                                           │
  │                          ┌──────────────────────────────────┐                          │
  │                          │                _                 │                          │
  │                          └──────────────────────────────────┘                          │
  │                            │                                                           │
  │                            │ Ret (Some 1, main)                                        │
  │                            ▼                                                           │
  │   Ret (Some 0, main)     ┌──────────────────────────────────┐  Ret (Some 0, main)      │
  └────────────────────────▶ │                _                 │ ◀────────────────────────┘
                             └──────────────────────────────────┘
