                                                                              ┌────────────────────────────────────────┐
                                                                              │                   94                   │
                                                                              └────────────────────────────────────────┘
                                                                                │
                                                                                │ Entry main
                                                                                ▼
                                                                              ┌────────────────────────────────────────┐
                                                                              │                   95                   │ ─┐
                                                                              └────────────────────────────────────────┘  │
                                                                                │                                         │
                                                                                │ InlineEntry '()'                        │
                                                                                ▼                                         │
                                                                              ┌────────────────────────────────────────┐  │
                                                                              │                   98                   │  │
                                                                              └────────────────────────────────────────┘  │
                                                                                │                                         │
                                                                                │ Entry __VERIFIER_nondet_int             │
                                                                                ▼                                         │
                                                                              ┌────────────────────────────────────────┐  │
                                                                              │                   99                   │  │ Inlined Proc 'tmp = __VERIFIER_nondet_int()'
                                                                              └────────────────────────────────────────┘  │
                                                                                │                                         │
                                                                                │ Ret (Some val, __VERIFIER_nondet_int)   │
                                                                                ▼                                         │
                                                                              ┌────────────────────────────────────────┐  │
                                                                              │                  113                   │  │
                                                                              └────────────────────────────────────────┘  │
                                                                                │                                         │
                                                                                │ InlineReturn 'tmp'                      │
                                                                                ▼                                         │
                                                                              ┌────────────────────────────────────────┐  │
                                                                              │                  100                   │ ◀┘
                                                                              └────────────────────────────────────────┘
                                                                                │
                                                                                │ Assign 'x = tmp'
                                                                                ▼
                                                                              ┌────────────────────────────────────────┐
                                                                              │                  101                   │ ─┐
                                                                              └────────────────────────────────────────┘  │
                                                                                │                                         │
                                                                                │ Test (x > 0,true)                       │
                                                                                ▼                                         │
                                                                              ┌────────────────────────────────────────┐  │
                                                          ┌────────────────── │                  104                   │  │ Test (x > 0,false)
                                                          │                   └────────────────────────────────────────┘  │
                                                          │                     │                                         │
                                                          │                     │ Test (x < 2,false)                      │
                                                          │                     ▼                                         │
┌────────────────────────────────┐  InlineEntry '(1)'     │                   ┌────────────────────────────────────────┐  │
│               96               │ ◀──────────────────────┼────────────────── │                  106                   │ ◀┘
└────────────────────────────────┘                        │                   └────────────────────────────────────────┘
  │                                                       │                     │
  │ Entry __VERIFIER_assert                               │ Test (x < 2,true)   └─────────────────────────────────────────┐
  ▼                                                       │                                                               │
┌────────────────────────────────┐                        │                   ┌────────────────────────────────────────┐  │
│               97               │                        └─────────────────▶ │                  105                   │ ─┼────────────────────────────────────────────────┐
└────────────────────────────────┘                                            └────────────────────────────────────────┘  │                                                │
  │                                                                             │                                         │                                                │
  │ Test (! cond,false)                                                         │ InlineEntry '(x == 1)'                  │                                                │
  ▼                                                                             ▼                                         │                                                │
┌────────────────────────────────┐                                            ┌────────────────────────────────────────┐  │                                                │
│              110               │                                            │                  109                   │  │                                                │
└────────────────────────────────┘                                            └────────────────────────────────────────┘  │                                                │
  │                                                                             │                                         │                                                │
  │ Ret (None, __VERIFIER_assert)                                               │ Entry __VERIFIER_assert                 │                                                │
  ▼                                                                             ▼                                         │                                                │
┌────────────────────────────────┐                                            ┌────────────────────────────────────────┐  │                                                │
│              111               │ ───────────────────────┐                   │                  102                   │  │                                                │
└────────────────────────────────┘                        │                   └────────────────────────────────────────┘  │                                                │
                                                          │                     │                                         │                                                │
                                                          │                     │ Test (! cond,false)                     │                                                │
                                                          │                     ▼                                         │                                                │
                                                          │                   ┌────────────────────────────────────────┐  │                                                │
                                                          │                   │                  103                   │  │                                                │
                                                          │                   └────────────────────────────────────────┘  │                                                │
                                                          │                     │                                         │                                                │
                                                          │ InlineReturn        │ Ret (None, __VERIFIER_assert)           │                                                │
                                                          │                     ▼                                         │                                                │
                                                          │                   ┌────────────────────────────────────────┐  │                                                │
                                                          │                   │                  112                   │  │                                                │
                                                          │                   └────────────────────────────────────────┘  │                                                │
                                                          │                     │                                         │                                                │
                                                          │                     │ InlineReturn                            │ Inlined Proc '__VERIFIER_assert(1)'            │ Inlined Proc '__VERIFIER_assert(x == 1)'
                                                          │                     ▼                                         ▼                                                ▼
                                                          │                   ┌──────────────────────────────────────────────────────────────────────────────────────────────────────────────────────────────────────┐
                                                          └─────────────────▶ │                                                                 107                                                                  │
                                                                              └──────────────────────────────────────────────────────────────────────────────────────────────────────────────────────────────────────┘
                                                                                │
                                                                                │ Ret (Some 0, main)
                                                                                ▼
                                                                              ┌────────────────────────────────────────┐
                                                                              │                  108                   │
                                                                              └────────────────────────────────────────┘
