                                                     ┌────────────────────────────────┐
                                                     │               _                │
                                                     └────────────────────────────────┘
                                                       │
                                                       │ Entry main
                                                       ▼
┌─────────────────────────┐  Test (a,false)          ┌────────────────────────────────┐
│            _            │ ◀─────────────────────── │               _                │
└─────────────────────────┘                          └────────────────────────────────┘
  │                                                    │
  │                                                    │ Test (a,true)
  │                                                    ▼
  │                                                  ┌────────────────────────────────┐
  │                                                  │               _                │
  │                                                  └────────────────────────────────┘
  │                                                    │
  │                                                    │ Assign 'tmp = b || (c && d)'
  │                                                    ▼
  │                         Assign 'tmp = c && d'    ┌────────────────────────────────┐
  └────────────────────────────────────────────────▶ │               _                │ ·┐
                                                     └────────────────────────────────┘  :
                                                       │                                 :
                                                       │ InlineEntry '(tmp)'             :
                                                       ▼                                 :
                                                     ┌────────────────────────────────┐  :
                                                     │               _                │  :
                                                     └────────────────────────────────┘  :
                                                       │                                 :
                                                       │ Entry __VERIFIER_assert         :
                                                       ▼                                 :
┌─────────────────────────┐  Test (! cond,true)      ┌────────────────────────────────┐  :
│            _            │ ◀─────────────────────── │               _                │  :
└─────────────────────────┘                          └────────────────────────────────┘  :
  │                                                    │                                 :
  │ InlineEntry '()'                                   │ Test (! cond,false)             : Inlined Proc '__VERIFIER_assert(tmp)'
  ▼                                                    ▼                                 :
┌─────────────────────────┐                          ┌────────────────────────────────┐  :
│            _            │                          │               _                │  :
└─────────────────────────┘                          └────────────────────────────────┘  :
  │                                                    │                                 :
  │ Entry __VERIFIER_error                             │ Ret (None, __VERIFIER_assert)   :
  ▼                                                    ▼                                 :
┌─────────────────────────┐                          ┌────────────────────────────────┐  :
│            _            │                          │               _                │  :
└─────────────────────────┘                          └────────────────────────────────┘  :
                                                       │                                 :
                                                       │ InlineReturn                    :
                                                       ▼                                 :
                                                     ┌────────────────────────────────┐  :
                                                     │               _                │ ◀┘
                                                     └────────────────────────────────┘
                                                       │
                                                       │ Ret (Some 0, main)
                                                       ▼
                                                     ┌────────────────────────────────┐
                                                     │               _                │
                                                     └────────────────────────────────┘
