                                                                       ┌────────────────────────────────────────┐
                                                                       │                   0                    │
                                                                       └────────────────────────────────────────┘
                                                                         │
                                                                         │ Entry main
                                                                         ▼
                                                                       ┌────────────────────────────────────────┐
                                                                       │                   1                    │ ─┐
                                                                       └────────────────────────────────────────┘  │
                                                                         │                                         │
                                                                         │ InlineEntry '()'                        │
                                                                         ▼                                         │
                                                                       ┌────────────────────────────────────────┐  │
                                                                       │                   6                    │  │
                                                                       └────────────────────────────────────────┘  │
                                                                         │                                         │
                                                                         │ Entry __VERIFIER_nondet_int             │
                                                                         ▼                                         │
                                                                       ┌────────────────────────────────────────┐  │
                                                                       │                   7                    │  │ Inlined Proc 'tmp = __VERIFIER_nondet_int()'
                                                                       └────────────────────────────────────────┘  │
                                                                         │                                         │
                                                                         │ Ret (Some val, __VERIFIER_nondet_int)   │
                                                                         ▼                                         │
                                                                       ┌────────────────────────────────────────┐  │
                                                                       │                   14                   │  │
                                                                       └────────────────────────────────────────┘  │
                                                                         │                                         │
                                                                         │ InlineReturn 'tmp'                      │
                                                                         ▼                                         │
                                                                       ┌────────────────────────────────────────┐  │
                                                                       │                   8                    │ ◀┘
                                                                       └────────────────────────────────────────┘
                                                                         │
                                                                         │ Assign 'x = tmp'
                                                                         ▼
                       ┌─────────────────────┐  Test (x > 0,false)     ┌────────────────────────────────────────┐
  ┌──────────────────▶ │         12          │ ◀────────────────────── │                   9                    │
  │                    └─────────────────────┘                         └────────────────────────────────────────┘
  │                      │                                               │
  │ Test (x < 2,false)   │                                               │ Test (x > 0,true)
  │                      │                                               ▼
  │                      │                                             ┌────────────────────────────────────────┐
  └──────────────────────┼──────────────────────────────────────────── │                   10                   │
                         │                                             └────────────────────────────────────────┘
                         │                                               │
                         │                                               │ Test (x < 2,true)
                         │                                               ▼
                         │                                             ┌────────────────────────────────────────┐
                         │                                             │                   11                   │
                         │                                             └────────────────────────────────────────┘
                         │                                               │
                         │                                               │ Assign 'tmp___0 = 1'
                         │                                               ▼
                         │                     Assign 'tmp___0 = 0'    ┌────────────────────────────────────────┐
                         └───────────────────────────────────────────▶ │                   13                   │
                                                                       └────────────────────────────────────────┘
                                                                         │
                                                                         │ Assign 'y = tmp___0'
                                                                         ▼
                       ┌─────────────────────┐  Test (y,false)         ┌────────────────────────────────────────┐
                       │          4          │ ◀────────────────────── │                   15                   │
                       └─────────────────────┘                         └────────────────────────────────────────┘
                         │                                               │
                         │ Ret (Some 0, main)                            │ Test (y,true)
                         ▼                                               ▼
                       ┌─────────────────────┐                         ┌────────────────────────────────────────┐
                       │          5          │                         │                   16                   │
                       └─────────────────────┘                         └────────────────────────────────────────┘
                                                                         │
                                                                         │ InlineEntry '()'
                                                                         ▼
                                                                       ┌────────────────────────────────────────┐
                                                                       │                   2                    │
                                                                       └────────────────────────────────────────┘
                                                                         │
                                                                         │ Entry __VERIFIER_error
                                                                         ▼
                                                                       ┌────────────────────────────────────────┐
                                                                       │                   3                    │
                                                                       └────────────────────────────────────────┘
