                                    ┌──────────────────────────────────┐
                                    │                _                 │
                                    └──────────────────────────────────┘
                                      │
                                      │ Entry main
                                      ▼
                                    ┌──────────────────────────────────┐
                                    │                _                 │
                                    └──────────────────────────────────┘
                                      │
                                      │ Assign 'b = 0'
                                      ▼
                                    ┌──────────────────────────────────┐
                                    │                _                 │
                                    └──────────────────────────────────┘
                                      │
                                      │ Proc '__goblint_split_begin(a)'
                                      ▼
┌───┐  Test (a && (b && c),false)   ┌──────────────────────────────────┐
│ _ │ ◀──────────────────────────── │                _                 │
└───┘                               └──────────────────────────────────┘
  │                                   │
  │                                   │ Test (a && (b && c),false)
  │                                   ▼
  │                                 ┌──────────────────────────────────┐
  │                                 │                _                 │
  │                                 └──────────────────────────────────┘
  │                                   │
  │                                   │ Ret (Some 0, main)
  │                                   ▼
  │   Ret (Some 0, main)            ┌──────────────────────────────────┐
  └───────────────────────────────▶ │                _                 │
                                    └──────────────────────────────────┘
