                            ┌────────────────────────────────────────┐
                            │                   _                    │
                            └────────────────────────────────────────┘
                              │
                              │ Entry main
                              ▼
                            ┌────────────────────────────────────────┐
                            │                   _                    │ ·┐
                            └────────────────────────────────────────┘  :
                              │                                         :
                              │ InlineEntry '()'                        :
                              ▼                                         :
                            ┌────────────────────────────────────────┐  :
                            │                   _                    │  :
                            └────────────────────────────────────────┘  :
                              │                                         :
                              │ Entry __VERIFIER_nondet_int             :
                              ▼                                         :
                            ┌────────────────────────────────────────┐  :
                            │                   _                    │  : Inlined Proc 'tmp = __VERIFIER_nondet_int()'
                            └────────────────────────────────────────┘  :
                              │                                         :
                              │ Ret (Some val, __VERIFIER_nondet_int)   :
                              ▼                                         :
                            ┌────────────────────────────────────────┐  :
                            │                   _                    │  :
                            └────────────────────────────────────────┘  :
                              │                                         :
                              │ InlineReturn 'tmp'                      :
                              ▼                                         :
                            ┌────────────────────────────────────────┐  :
                            │                   _                    │ ◀┘
                            └────────────────────────────────────────┘
                              │
                              │ Assign 'x = tmp'
                              ▼
                            ┌────────────────────────────────────────┐
                            │                   _                    │ ──────────────────────────────────────────────────┐
                            └────────────────────────────────────────┘                                                   │
                              │                                                                                          │
                              │ Test (x > 0 && x < 2,true)                                                               │
                              ▼                                                                                          │
┌───┐  Test (x < 2,true)    ┌────────────────────────────────────────┐                                                   │
│ _ │ ────────────────────▶ │                   _                    │ ·┐                                                │
└───┘                       └────────────────────────────────────────┘  :                                                │
  │                           │                                         :                                                │
  │                           │ InlineEntry '(x == 1)'                  :                                                │
  │                           ▼                                         :                                                │
  │                         ┌────────────────────────────────────────┐  :                                                │
  │                         │                   _                    │  :                                                │
  │                         └────────────────────────────────────────┘  :                                                │
  │                           │                                         :                                                │
  │                           │ Entry __VERIFIER_assert                 :                                                │
  │                           ▼                                         :                                                │
  │                         ┌────────────────────────────────────────┐  :                                                │
  │                         │                   _                    │  :                                                │
  │                         └────────────────────────────────────────┘  :                                                │
  │                           │                                         :                                                │
  │                           │ Test (! cond,false)                     :                                                │
  │                           ▼                                         :                                                │
  │                         ┌────────────────────────────────────────┐  :                                                │
  │                         │                   _                    │  :                                                │
  │                         └────────────────────────────────────────┘  :                                                │
  │                           │                                         :                                                │
  │                           │ Ret (None, __VERIFIER_assert)           :                                                │
  │                           ▼                                         :                                                │
  │                         ┌────────────────────────────────────────┐  :                                                │
  │                         │                   _                    │  :                                                │
  │                         └────────────────────────────────────────┘  :                                                │
  │                           │                                         :                                                │
  │                           │ InlineReturn                            : Inlined Proc '__VERIFIER_assert(x == 1)'       │ Test (x > 0 && x < 2,false)
  │                           ▼                                         ▼                                                ▼
  │   Test (x < 2,false)    ┌─────────────────────────────────────────────────────────────────────────────────────────────────────────────────────────┐
  └───────────────────────▶ │                                                            _                                                            │
                            └─────────────────────────────────────────────────────────────────────────────────────────────────────────────────────────┘
                              │
                              │ Ret (Some 0, main)
                              ▼
                            ┌────────────────────────────────────────┐
                            │                   _                    │
                            └────────────────────────────────────────┘
