                             ┌──────────────────────────────────────────┐
                             │                    _                     │
                             └──────────────────────────────────────────┘
                               │
                               │ Entry main
                               ▼
                             ┌──────────────────────────────────────────┐
                             │                    _                     │ ·┐
                             └──────────────────────────────────────────┘  :
                               │                                           :
                               │ InlineEntry '()'                          :
                               ▼                                           :
                             ┌──────────────────────────────────────────┐  :
                             │                    _                     │  :
                             └──────────────────────────────────────────┘  :
                               │                                           :
                               │ Entry __VERIFIER_nondet_int               :
                               ▼                                           :
                             ┌──────────────────────────────────────────┐  :
                             │                    _                     │  : Inlined Proc 'tmp = __VERIFIER_nondet_int()'
                             └──────────────────────────────────────────┘  :
                               │                                           :
                               │ Ret (Some val, __VERIFIER_nondet_int)     :
                               ▼                                           :
                             ┌──────────────────────────────────────────┐  :
                             │                    _                     │  :
                             └──────────────────────────────────────────┘  :
                               │                                           :
                               │ InlineReturn 'tmp'                        :
                               ▼                                           :
                             ┌──────────────────────────────────────────┐  :
                             │                    _                     │ ◀┘
                             └──────────────────────────────────────────┘
                               │
                               │ Assign 'x = tmp'
                               ▼
                             ┌──────────────────────────────────────────┐
                             │                    _                     │ ───────────────────────────────────────────────────────────────────────────────────┐
                             └──────────────────────────────────────────┘                                                                                    │
                               │                                                                                                                             │
                               │ Test (x < 1 || (x > 2 || x != 1),false)                                                                                     │
                               ▼                                                                                                                             │
┌───┐  Test (x != 1,false)   ┌────────────────────────────────────────────────────────────────────────────────────────────────────────────────────────────┐  │
│ _ │ ─────────────────────▶ │                                                             _                                                              │  │
└───┘                        └────────────────────────────────────────────────────────────────────────────────────────────────────────────────────────────┘  │
  │                            │                                           :                                                ▲                                │
  │                            │ InlineEntry '(x == 1)'                    :                                                │ Test (x > 2 || x != 1,false)   │
  │                            ▼                                           :                                                │                                │
  │                          ┌──────────────────────────────────────────┐  :                                              ┌───────────────────────────────┐  │
  │                          │                    _                     │  :                                              │               _               │  │
  │                          └──────────────────────────────────────────┘  :                                              └───────────────────────────────┘  │
  │                            │                                           :                                                │                                │
  │                            │ Entry __VERIFIER_assert                   :                                                │                                │
  │                            ▼                                           :                                                │                                │
  │                          ┌──────────────────────────────────────────┐  :                                                │                                │
  │                          │                    _                     │  :                                                │                                │ Test (x < 1 || (x > 2 || x != 1),true)
  │                          └──────────────────────────────────────────┘  :                                                │                                │
  │                            │                                           :                                                │                                │
  │                            │ Test (! cond,false)                       :                                                │                                │
  │                            ▼                                           :                                                │                                │
  │                          ┌──────────────────────────────────────────┐  :                                                │                                │
  │                          │                    _                     │  :                                                │                                │
  │                          └──────────────────────────────────────────┘  :                                                │                                │
  │                            │                                           :                                                │                                │
  │                            │ Ret (None, __VERIFIER_assert)             :                                                │                                │
  │                            ▼                                           :                                                │                                │
  │                          ┌──────────────────────────────────────────┐  :                                                │                                │
  │                          │                    _                     │  :                                                │                                │
  │                          └──────────────────────────────────────────┘  :                                                │                                │
  │                            │                                           :                                                │                                │
  │                            │ InlineReturn                              : Inlined Proc '__VERIFIER_assert(x == 1)'       │ Test (x > 2 || x != 1,true)    │
  │                            ▼                                           ▼                                                ▼                                │
  │   Test (x != 1,true)     ┌────────────────────────────────────────────────────────────────────────────────────────────────────────────────────────────┐  │
  └────────────────────────▶ │                                                             _                                                              │ ◀┘
                             └────────────────────────────────────────────────────────────────────────────────────────────────────────────────────────────┘
                               │
                               │ Ret (Some 0, main)
                               ▼
                             ┌──────────────────────────────────────────┐
                             │                    _                     │
                             └──────────────────────────────────────────┘
