                           ┌────────────────────────────────────────┐
                           │                   0                    │
                           └────────────────────────────────────────┘
                             │
                             │ Entry main
                             ▼
                           ┌────────────────────────────────────────┐
                           │                   1                    │ ─┐
                           └────────────────────────────────────────┘  │
                             │                                         │
                             │ InlineEntry '()'                        │
                             ▼                                         │
                           ┌────────────────────────────────────────┐  │
                           │                   2                    │  │
                           └────────────────────────────────────────┘  │
                             │                                         │
                             │ Entry __VERIFIER_nondet_int             │
                             ▼                                         │
                           ┌────────────────────────────────────────┐  │
                           │                   3                    │  │ Inlined Proc 'tmp = __VERIFIER_nondet_int()'
                           └────────────────────────────────────────┘  │
                             │                                         │
                             │ Ret (Some val, __VERIFIER_nondet_int)   │
                             ▼                                         │
                           ┌────────────────────────────────────────┐  │
                           │                   6                    │  │
                           └────────────────────────────────────────┘  │
                             │                                         │
                             │ InlineReturn 'tmp'                      │
                             ▼                                         │
                           ┌────────────────────────────────────────┐  │
                           │                   4                    │ ◀┘
                           └────────────────────────────────────────┘
                             │
                             │ Assign 'x = tmp'
                             ▼
                           ┌────────────────────────────────────────┐
                           │                   5                    │ ─┐
                           └────────────────────────────────────────┘  │
                             │                                         │
                             │ Test (x < 1,false)                      │
                             ▼                                         │
                           ┌────────────────────────────────────────┐  │
       ┌────────────────── │                   14                   │  │
       │                   └────────────────────────────────────────┘  │
       │                     │                                         │
       │                     │ Test (x > 2,false)                      │
       │                     ▼                                         │
       │                   ┌────────────────────────────────────────┐  │
       │                   │                   15                   │ ─┼────────────────────────────────────────────────┐
       │                   └────────────────────────────────────────┘  │                                                │
       │                     │                                         │                                                │
       │                     │ Test (x != 1,false)                     │                                                │
       │                     ▼                                         │                                                │
       │                   ┌────────────────────────────────────────┐  │                                                │
  ┌────┼────────────────── │                   10                   │  │                                                │
  │    │                   └────────────────────────────────────────┘  │                                                │
  │    │                     │                                         │                                                │
  │    │                     │ InlineEntry '(x == 1)'                  │                                                │
  │    │                     ▼                                         │                                                │
  │    │                   ┌────────────────────────────────────────┐  │                                                │
  │    │                   │                   11                   │  │                                                │
  │    │                   └────────────────────────────────────────┘  │                                                │
  │    │                     │                                         │                                                │
  │    │                     │ Entry __VERIFIER_assert                 │                                                │
  │    │                     ▼                                         │                                                │
  │    │                   ┌────────────────────────────────────────┐  │                                                │
  │    │                   │                   8                    │  │                                                │
  │    │                   └────────────────────────────────────────┘  │                                                │
  │    │                     │                                         │                                                │
  │    │ Test (x > 2,true)   │ Test (! cond,false)                     │                                                │
  │    │                     ▼                                         │                                                │
  │    │                   ┌────────────────────────────────────────┐  │                                                │
  │    │                   │                   9                    │  │                                                │
  │    │                   └────────────────────────────────────────┘  │                                                │
  │    │                     │                                         │                                                │
  │    │                     │ Ret (None, __VERIFIER_assert)           │                                                │
  │    │                     ▼                                         │                                                │
  │    │                   ┌────────────────────────────────────────┐  │                                                │
  │    │                   │                   13                   │  │                                                │
  │    │                   └────────────────────────────────────────┘  │                                                │
  │    │                     │                                         │                                                │
  │    │                     │ InlineReturn                            │ Test (x < 1,true)                              │ Test (x != 1,true)
  │    │                     ▼                                         ▼                                                ▼
  │    │                   ┌────────────────────────────────────────────────────────────────────────────────────────────────────────────────┐
  │    └─────────────────▶ │                                                       12                                                       │
  │                        └────────────────────────────────────────────────────────────────────────────────────────────────────────────────┘
  │                          │                                         ▲
  │                          │ Ret (Some 0, main)                      │ Inlined Proc '__VERIFIER_assert(x == 1)'
  │                          ▼                                         │
  │                        ┌────────────────────────────────────────┐  │
  │                        │                   7                    │  │
  │                        └────────────────────────────────────────┘  │
  │                                                                    │
  └────────────────────────────────────────────────────────────────────┘
